Component: ARM Compiler 5.06 update 5 (build 528) Tool: armlink [4d35e2]

==============================================================================

Section Cross References

    startup_stm32g431xx.o(RESET) refers to startup_stm32g431xx.o(STACK) for __initial_sp
    startup_stm32g431xx.o(RESET) refers to startup_stm32g431xx.o(.text) for Reset_Handler
    startup_stm32g431xx.o(RESET) refers to stm32g4xx_it.o(i.NMI_Handler) for NMI_Handler
    startup_stm32g431xx.o(RESET) refers to stm32g4xx_it.o(i.HardFault_Handler) for HardFault_Handler
    startup_stm32g431xx.o(RESET) refers to stm32g4xx_it.o(i.MemManage_Handler) for MemManage_Handler
    startup_stm32g431xx.o(RESET) refers to stm32g4xx_it.o(i.BusFault_Handler) for BusFault_Handler
    startup_stm32g431xx.o(RESET) refers to stm32g4xx_it.o(i.UsageFault_Handler) for UsageFault_Handler
    startup_stm32g431xx.o(RESET) refers to stm32g4xx_it.o(i.SVC_Handler) for SVC_Handler
    startup_stm32g431xx.o(RESET) refers to stm32g4xx_it.o(i.DebugMon_Handler) for DebugMon_Handler
    startup_stm32g431xx.o(RESET) refers to stm32g4xx_it.o(i.PendSV_Handler) for PendSV_Handler
    startup_stm32g431xx.o(RESET) refers to stm32g4xx_it.o(i.SysTick_Handler) for SysTick_Handler
    startup_stm32g431xx.o(RESET) refers to stm32g4xx_it.o(i.RCC_IRQHandler) for RCC_IRQHandler
    startup_stm32g431xx.o(RESET) refers to stm32g4xx_it.o(i.DMA1_Channel1_IRQHandler) for DMA1_Channel1_IRQHandler
    startup_stm32g431xx.o(RESET) refers to stm32g4xx_it.o(i.DMA1_Channel2_IRQHandler) for DMA1_Channel2_IRQHandler
    startup_stm32g431xx.o(RESET) refers to stm32g4xx_it.o(i.TIM2_IRQHandler) for TIM2_IRQHandler
    startup_stm32g431xx.o(RESET) refers to stm32g4xx_it.o(i.USART1_IRQHandler) for USART1_IRQHandler
    startup_stm32g431xx.o(RESET) refers to stm32g4xx_it.o(i.TIM6_DAC_IRQHandler) for TIM6_DAC_IRQHandler
    startup_stm32g431xx.o(.text) refers to system_stm32g4xx.o(i.SystemInit) for SystemInit
    startup_stm32g431xx.o(.text) refers to entry.o(.ARM.Collect$$$$00000000) for __main
    lcd_hal.o(i.LCD_BusIn) refers to memseta.o(.text) for __aeabi_memclr4
    lcd_hal.o(i.LCD_BusIn) refers to stm32g4xx_hal_gpio.o(i.HAL_GPIO_Init) for HAL_GPIO_Init
    lcd_hal.o(i.LCD_BusOut) refers to memseta.o(.text) for __aeabi_memclr4
    lcd_hal.o(i.LCD_BusOut) refers to stm32g4xx_hal_gpio.o(i.HAL_GPIO_Init) for HAL_GPIO_Init
    lcd_hal.o(i.LCD_Clear) refers to lcd_hal.o(i.LCD_SetCursor) for LCD_SetCursor
    lcd_hal.o(i.LCD_Clear) refers to lcd_hal.o(i.LCD_WriteRAM_Prepare) for LCD_WriteRAM_Prepare
    lcd_hal.o(i.LCD_Clear) refers to lcd_hal.o(i.LCD_WriteRAM) for LCD_WriteRAM
    lcd_hal.o(i.LCD_ClearLine) refers to lcd_hal.o(i.LCD_DisplayStringLine) for LCD_DisplayStringLine
    lcd_hal.o(i.LCD_CtrlLinesConfig) refers to memseta.o(.text) for __aeabi_memclr4
    lcd_hal.o(i.LCD_CtrlLinesConfig) refers to stm32g4xx_hal_gpio.o(i.HAL_GPIO_Init) for HAL_GPIO_Init
    lcd_hal.o(i.LCD_CtrlLinesConfig) refers to lcd_hal.o(i.LCD_BusOut) for LCD_BusOut
    lcd_hal.o(i.LCD_DisplayChar) refers to lcd_hal.o(i.LCD_DrawChar) for LCD_DrawChar
    lcd_hal.o(i.LCD_DisplayChar) refers to lcd_hal.o(.constdata) for .constdata
    lcd_hal.o(i.LCD_DisplayOff) refers to lcd_hal.o(i.LCD_WriteReg) for LCD_WriteReg
    lcd_hal.o(i.LCD_DisplayOn) refers to lcd_hal.o(i.LCD_WriteReg) for LCD_WriteReg
    lcd_hal.o(i.LCD_DisplayStringLine) refers to lcd_hal.o(i.LCD_DisplayChar) for LCD_DisplayChar
    lcd_hal.o(i.LCD_DrawChar) refers to lcd_hal.o(i.LCD_SetCursor) for LCD_SetCursor
    lcd_hal.o(i.LCD_DrawChar) refers to lcd_hal.o(i.LCD_WriteRAM_Prepare) for LCD_WriteRAM_Prepare
    lcd_hal.o(i.LCD_DrawChar) refers to lcd_hal.o(i.LCD_WriteRAM) for LCD_WriteRAM
    lcd_hal.o(i.LCD_DrawChar) refers to lcd_hal.o(.data) for .data
    lcd_hal.o(i.LCD_DrawCircle) refers to lcd_hal.o(i.LCD_SetCursor) for LCD_SetCursor
    lcd_hal.o(i.LCD_DrawCircle) refers to lcd_hal.o(i.LCD_WriteRAM_Prepare) for LCD_WriteRAM_Prepare
    lcd_hal.o(i.LCD_DrawCircle) refers to lcd_hal.o(i.LCD_WriteRAM) for LCD_WriteRAM
    lcd_hal.o(i.LCD_DrawCircle) refers to lcd_hal.o(.data) for .data
    lcd_hal.o(i.LCD_DrawLine) refers to lcd_hal.o(i.LCD_SetCursor) for LCD_SetCursor
    lcd_hal.o(i.LCD_DrawLine) refers to lcd_hal.o(i.LCD_WriteRAM_Prepare) for LCD_WriteRAM_Prepare
    lcd_hal.o(i.LCD_DrawLine) refers to lcd_hal.o(i.LCD_WriteRAM) for LCD_WriteRAM
    lcd_hal.o(i.LCD_DrawLine) refers to lcd_hal.o(.data) for .data
    lcd_hal.o(i.LCD_DrawMonoPict) refers to lcd_hal.o(i.LCD_SetCursor) for LCD_SetCursor
    lcd_hal.o(i.LCD_DrawMonoPict) refers to lcd_hal.o(i.LCD_WriteRAM_Prepare) for LCD_WriteRAM_Prepare
    lcd_hal.o(i.LCD_DrawMonoPict) refers to lcd_hal.o(i.LCD_WriteRAM) for LCD_WriteRAM
    lcd_hal.o(i.LCD_DrawMonoPict) refers to lcd_hal.o(.data) for .data
    lcd_hal.o(i.LCD_DrawPicture) refers to lcd_hal.o(i.LCD_SetCursor) for LCD_SetCursor
    lcd_hal.o(i.LCD_DrawPicture) refers to lcd_hal.o(i.LCD_WriteRAM_Prepare) for LCD_WriteRAM_Prepare
[...]
    i.HAL_TIM_PWM_Init                       0x0800305c   Section        0  stm32g4xx_hal_tim.o(i.HAL_TIM_PWM_Init)
    i.HAL_TIM_PWM_MspInit                    0x080030be   Section        0  stm32g4xx_hal_tim.o(i.HAL_TIM_PWM_MspInit)
    i.HAL_TIM_PWM_PulseFinishedCallback      0x080030c0   Section        0  stm32g4xx_hal_tim.o(i.HAL_TIM_PWM_PulseFinishedCallback)
    i.HAL_TIM_PWM_Start_IT                   0x080030c4   Section        0  stm32g4xx_hal_tim.o(i.HAL_TIM_PWM_Start_IT)
    i.HAL_TIM_PeriodElapsedCallback          0x080031c0   Section        0  main.o(i.HAL_TIM_PeriodElapsedCallback)
    i.HAL_TIM_ReadCapturedValue              0x08003208   Section        0  stm32g4xx_hal_tim.o(i.HAL_TIM_ReadCapturedValue)
    i.HAL_TIM_SlaveConfigSynchro             0x08003232   Section        0  stm32g4xx_hal_tim.o(i.HAL_TIM_SlaveConfigSynchro)
    i.HAL_TIM_TriggerCallback                0x08003288   Section        0  stm32g4xx_hal_tim.o(i.HAL_TIM_TriggerCallback)
    i.HAL_UARTEx_DisableFifoMode             0x0800328a   Section        0  stm32g4xx_hal_uart_ex.o(i.HAL_UARTEx_DisableFifoMode)
    i.HAL_UARTEx_RxFifoFullCallback          0x080032c8   Section        0  stm32g4xx_hal_uart_ex.o(i.HAL_UARTEx_RxFifoFullCallback)
    i.HAL_UARTEx_SetRxFifoThreshold          0x080032ca   Section        0  stm32g4xx_hal_uart_ex.o(i.HAL_UARTEx_SetRxFifoThreshold)
    i.HAL_UARTEx_SetTxFifoThreshold          0x08003316   Section        0  stm32g4xx_hal_uart_ex.o(i.HAL_UARTEx_SetTxFifoThreshold)
    i.HAL_UARTEx_TxFifoEmptyCallback         0x08003362   Section        0  stm32g4xx_hal_uart_ex.o(i.HAL_UARTEx_TxFifoEmptyCallback)
    i.HAL_UARTEx_WakeupCallback              0x08003364   Section        0  stm32g4xx_hal_uart_ex.o(i.HAL_UARTEx_WakeupCallback)
    i.HAL_UART_DMAStop                       0x08003366   Section        0  stm32g4xx_hal_uart.o(i.HAL_UART_DMAStop)
    i.HAL_UART_ErrorCallback                 0x080033de   Section        0  stm32g4xx_hal_uart.o(i.HAL_UART_ErrorCallback)
    i.HAL_UART_IRQHandler                    0x080033e0   Section        0  stm32g4xx_hal_uart.o(i.HAL_UART_IRQHandler)
    i.HAL_UART_IdleCpltCallback              0x0800357c   Section        0  main.o(i.HAL_UART_IdleCpltCallback)
    i.HAL_UART_Init                          0x080035c0   Section        0  stm32g4xx_hal_uart.o(i.HAL_UART_Init)
    i.HAL_UART_MspInit                       0x0800362c   Section        0  usart.o(i.HAL_UART_MspInit)
    i.HAL_UART_Receive_DMA                   0x08003700   Section        0  stm32g4xx_hal_uart.o(i.HAL_UART_Receive_DMA)
    i.HAL_UART_RxCpltCallback                0x080037a4   Section        0  stm32g4xx_hal_uart.o(i.HAL_UART_RxCpltCallback)
    i.HAL_UART_RxHalfCpltCallback            0x080037a6   Section        0  stm32g4xx_hal_uart.o(i.HAL_UART_RxHalfCpltCallback)
    i.HAL_UART_Transmit_DMA                  0x080037a8   Section        0  stm32g4xx_hal_uart.o(i.HAL_UART_Transmit_DMA)
    i.HAL_UART_TxCpltCallback                0x08003840   Section        0  stm32g4xx_hal_uart.o(i.HAL_UART_TxCpltCallback)
    i.HAL_UART_TxHalfCpltCallback            0x08003842   Section        0  stm32g4xx_hal_uart.o(i.HAL_UART_TxHalfCpltCallback)
    i.HardFault_Handler                      0x08003844   Section        0  stm32g4xx_it.o(i.HardFault_Handler)
    i.I2CReceiveByte                         0x08003846   Section        0  i2c_hal.o(i.I2CReceiveByte)
    i.I2CSendByte                            0x08003894   Section        0  i2c_hal.o(i.I2CSendByte)
    i.I2CStart                               0x080038e2   Section        0  i2c_hal.o(i.I2CStart)
    i.I2CStop                                0x08003918   Section        0  i2c_hal.o(i.I2CStop)
    i.I2CWaitAck                             0x0800394e   Section        0  i2c_hal.o(i.I2CWaitAck)
    i.Key_Scan                               0x080039a0   Section        0  main.o(i.Key_Scan)
    i.LCD_BusIn                              0x08003a68   Section        0  lcd_hal.o(i.LCD_BusIn)
    i.LCD_BusOut                             0x08003a94   Section        0  lcd_hal.o(i.LCD_BusOut)
    i.LCD_Clear                              0x08003ac4   Section        0  lcd_hal.o(i.LCD_Clear)
    i.LCD_CtrlLinesConfig                    0x08003ae8   Section        0  lcd_hal.o(i.LCD_CtrlLinesConfig)
    i.LCD_DisplayChar                        0x08003b78   Section        0  lcd_hal.o(i.LCD_DisplayChar)
    i.LCD_DisplayStringLine                  0x08003b90   Section        0  lcd_hal.o(i.LCD_DisplayStringLine)
    i.LCD_DrawChar                           0x08003bbc   Section        0  lcd_hal.o(i.LCD_DrawChar)
    i.LCD_Init                               0x08003c14   Section        0  lcd_hal.o(i.LCD_Init)
    i.LCD_ReadReg                            0x08003c48   Section        0  lcd_hal.o(i.LCD_ReadReg)
    i.LCD_SetBackColor                       0x08003cc8   Section        0  lcd_hal.o(i.LCD_SetBackColor)
    i.LCD_SetCursor                          0x08003cd8   Section        0  lcd_hal.o(i.LCD_SetCursor)
    i.LCD_SetTextColor                       0x08003cf0   Section        0  lcd_hal.o(i.LCD_SetTextColor)
    i.LCD_WriteRAM                           0x08003d00   Section        0  lcd_hal.o(i.LCD_WriteRAM)
    i.LCD_WriteRAM_Prepare                   0x08003d58   Section        0  lcd_hal.o(i.LCD_WriteRAM_Prepare)
    i.LCD_WriteReg                           0x08003db4   Section        0  lcd_hal.o(i.LCD_WriteReg)
    i.LED_Close                              0x08003e20   Section        0  main.o(i.LED_Close)
    i.LL_ADC_GetOffsetChannel                0x08003e50   Section        0  stm32g4xx_hal_adc.o(i.LL_ADC_GetOffsetChannel)
    LL_ADC_GetOffsetChannel                  0x08003e51   Thumb Code    12  stm32g4xx_hal_adc.o(i.LL_ADC_GetOffsetChannel)
    i.LL_ADC_INJ_IsConversionOngoing         0x08003e5c   Section        0  stm32g4xx_hal_adc.o(i.LL_ADC_INJ_IsConversionOngoing)
    LL_ADC_INJ_IsConversionOngoing           0x08003e5d   Thumb Code     8  stm32g4xx_hal_adc.o(i.LL_ADC_INJ_IsConversionOngoing)
    i.LL_ADC_REG_IsConversionOngoing         0x08003e64   Section        0  stm32g4xx_hal_adc.o(i.LL_ADC_REG_IsConversionOngoing)
    LL_ADC_REG_IsConversionOngoing           0x08003e65   Thumb Code     8  stm32g4xx_hal_adc.o(i.LL_ADC_REG_IsConversionOngoing)
    i.LL_ADC_REG_IsConversionOngoing         0x08003e6c   Section        0  stm32g4xx_hal_adc_ex.o(i.LL_ADC_REG_IsConversionOngoing)
    LL_ADC_REG_IsConversionOngoing           0x08003e6d   Thumb Code     8  stm32g4xx_hal_adc_ex.o(i.LL_ADC_REG_IsConversionOngoing)
    i.LL_ADC_REG_IsTriggerSourceSWStart      0x08003e74   Section        0  stm32g4xx_hal_adc.o(i.LL_ADC_REG_IsTriggerSourceSWStart)
    LL_ADC_REG_IsTriggerSourceSWStart        0x08003e75   Thumb Code    16  stm32g4xx_hal_adc.o(i.LL_ADC_REG_IsTriggerSourceSWStart)
    i.LL_ADC_SetChannelSamplingTime          0x08003e84   Section        0  stm32g4xx_hal_adc.o(i.LL_ADC_SetChannelSamplingTime)
    LL_ADC_SetChannelSamplingTime            0x08003e85   Thumb Code    30  stm32g4xx_hal_adc.o(i.LL_ADC_SetChannelSamplingTime)
    i.LL_ADC_SetOffsetState                  0x08003ea2   Section        0  stm32g4xx_hal_adc.o(i.LL_ADC_SetOffsetState)
    LL_ADC_SetOffsetState                    0x08003ea3   Thumb Code    16  stm32g4xx_hal_adc.o(i.LL_ADC_SetOffsetState)
    i.MX_ADC1_Init                           0x08003eb4   Section        0  adc.o(i.MX_ADC1_Init)
    i.MX_ADC2_Init                           0x08003f44   Section        0  adc.o(i.MX_ADC2_Init)
    i.MX_DMA_Init                            0x08003fc0   Section        0  dma.o(i.MX_DMA_Init)
    i.MX_GPIO_Init                           0x0800400c   Section        0  gpio.o(i.MX_GPIO_Init)
    i.MX_RTC_Init                            0x08004110   Section        0  rtc.o(i.MX_RTC_Init)
    i.MX_TIM2_Init                           0x0800419c   Section        0  tim.o(i.MX_TIM2_Init)
    i.MX_TIM3_Init                           0x0800426c   Section        0  tim.o(i.MX_TIM3_Init)
    i.MX_TIM6_Init                           0x08004320   Section        0  tim.o(i.MX_TIM6_Init)
    i.MX_USART1_UART_Init                    0x08004368   Section        0  usart.o(i.MX_USART1_UART_Init)
    i.MemManage_Handler                      0x080043d0   Section        0  stm32g4xx_it.o(i.MemManage_Handler)
    i.NMI_Handler                            0x080043d2   Section        0  stm32g4xx_it.o(i.NMI_Handler)
    i.PendSV_Handler                         0x080043d4   Section        0  stm32g4xx_it.o(i.PendSV_Handler)
    i.RCC_IRQHandler                         0x080043d6   Section        0  stm32g4xx_it.o(i.RCC_IRQHandler)
    i.REG_8230_Init                          0x080043d8   Section        0  lcd_hal.o(i.REG_8230_Init)
    i.REG_932X_Init                          0x080044ea   Section        0  lcd_hal.o(i.REG_932X_Init)
    i.RTC_Bcd2ToByte                         0x080046ec   Section        0  stm32g4xx_hal_rtc.o(i.RTC_Bcd2ToByte)
    i.RTC_ByteToBcd2                         0x080046fe   Section        0  stm32g4xx_hal_rtc.o(i.RTC_ByteToBcd2)
    i.RTC_EnterInitMode                      0x08004718   Section        0  stm32g4xx_hal_rtc.o(i.RTC_EnterInitMode)
    i.RTC_ExitInitMode                       0x08004764   Section        0  stm32g4xx_hal_rtc.o(i.RTC_ExitInitMode)
    i.RTC_SetDate                            0x080047bc   Section        0  main.o(i.RTC_SetDate)
    i.RTC_SetTime                            0x080047e0   Section        0  main.o(i.RTC_SetTime)
    i.RTC_Show                               0x08004810   Section        0  main.o(i.RTC_Show)
    i.SCL_Output                             0x0800488c   Section        0  i2c_hal.o(i.SCL_Output)
    i.SDA_Input                              0x080048a4   Section        0  i2c_hal.o(i.SDA_Input)
    i.SDA_Input_Mode                         0x080048bc   Section        0  i2c_hal.o(i.SDA_Input_Mode)
    i.SDA_Output                             0x080048e8   Section        0  i2c_hal.o(i.SDA_Output)
    i.SDA_Output_Mode                        0x08004900   Section        0  i2c_hal.o(i.SDA_Output_Mode)
    i.SVC_Handler                            0x0800492c   Section        0  stm32g4xx_it.o(i.SVC_Handler)
    i.SysTick_Handler                        0x08004930   Section        0  stm32g4xx_it.o(i.SysTick_Handler)
    i.SystemClock_Config                     0x08004954   Section        0  main.o(i.SystemClock_Config)
    i.SystemInit                             0x080049d0   Section        0  system_stm32g4xx.o(i.SystemInit)
    i.TIM2_IRQHandler                        0x080049ec   Section        0  stm32g4xx_it.o(i.TIM2_IRQHandler)
    i.TIM6_DAC_IRQHandler                    0x080049f8   Section        0  stm32g4xx_it.o(i.TIM6_DAC_IRQHandler)
    i.TIM_Base_SetConfig                     0x08004a04   Section        0  stm32g4xx_hal_tim.o(i.TIM_Base_SetConfig)
    i.TIM_CCxChannelCmd                      0x08004ab4   Section        0  stm32g4xx_hal_tim.o(i.TIM_CCxChannelCmd)
    i.TIM_ETR_SetConfig                      0x08004ace   Section        0  stm32g4xx_hal_tim.o(i.TIM_ETR_SetConfig)
    i.TIM_ITRx_SetConfig                     0x08004ae4   Section        0  stm32g4xx_hal_tim.o(i.TIM_ITRx_SetConfig)
    TIM_ITRx_SetConfig                       0x08004ae5   Thumb Code    16  stm32g4xx_hal_tim.o(i.TIM_ITRx_SetConfig)
    i.TIM_OC1_SetConfig                      0x08004af8   Section        0  stm32g4xx_hal_tim.o(i.TIM_OC1_SetConfig)
    TIM_OC1_SetConfig                        0x08004af9   Thumb Code   132  stm32g4xx_hal_tim.o(i.TIM_OC1_SetConfig)
    i.TIM_OC2_SetConfig                      0x08004b94   Section        0  stm32g4xx_hal_tim.o(i.TIM_OC2_SetConfig)
    i.TIM_OC3_SetConfig                      0x08004c24   Section        0  stm32g4xx_hal_tim.o(i.TIM_OC3_SetConfig)
    TIM_OC3_SetConfig                        0x08004c25   Thumb Code   118  stm32g4xx_hal_tim.o(i.TIM_OC3_SetConfig)
    i.TIM_OC4_SetConfig                      0x08004cb4   Section        0  stm32g4xx_hal_tim.o(i.TIM_OC4_SetConfig)
    TIM_OC4_SetConfig                        0x08004cb5   Thumb Code   120  stm32g4xx_hal_tim.o(i.TIM_OC4_SetConfig)
    i.TIM_OC5_SetConfig                      0x08004d44   Section        0  stm32g4xx_hal_tim.o(i.TIM_OC5_SetConfig)
    TIM_OC5_SetConfig                        0x08004d45   Thumb Code    86  stm32g4xx_hal_tim.o(i.TIM_OC5_SetConfig)
    i.TIM_OC6_SetConfig                      0x08004db4   Section        0  stm32g4xx_hal_tim.o(i.TIM_OC6_SetConfig)
    TIM_OC6_SetConfig                        0x08004db5   Thumb Code    88  stm32g4xx_hal_tim.o(i.TIM_OC6_SetConfig)
    i.TIM_SlaveTimer_SetConfig               0x08004e24   Section        0  stm32g4xx_hal_tim.o(i.TIM_SlaveTimer_SetConfig)
    TIM_SlaveTimer_SetConfig                 0x08004e25   Thumb Code   148  stm32g4xx_hal_tim.o(i.TIM_SlaveTimer_SetConfig)
    i.TIM_TI1_ConfigInputStage               0x08004ec0   Section        0  stm32g4xx_hal_tim.o(i.TIM_TI1_ConfigInputStage)
    TIM_TI1_ConfigInputStage                 0x08004ec1   Thumb Code    34  stm32g4xx_hal_tim.o(i.TIM_TI1_ConfigInputStage)
    i.TIM_TI1_SetConfig                      0x08004ee4   Section        0  stm32g4xx_hal_tim.o(i.TIM_TI1_SetConfig)
    i.TIM_TI2_ConfigInputStage               0x08004f50   Section        0  stm32g4xx_hal_tim.o(i.TIM_TI2_ConfigInputStage)
    TIM_TI2_ConfigInputStage                 0x08004f51   Thumb Code    36  stm32g4xx_hal_tim.o(i.TIM_TI2_ConfigInputStage)
    i.TIM_TI2_SetConfig                      0x08004f74   Section        0  stm32g4xx_hal_tim.o(i.TIM_TI2_SetConfig)
    TIM_TI2_SetConfig                        0x08004f75   Thumb Code    54  stm32g4xx_hal_tim.o(i.TIM_TI2_SetConfig)
    i.UARTEx_SetNbDataToProcess              0x08004fac   Section        0  stm32g4xx_hal_uart_ex.o(i.UARTEx_SetNbDataToProcess)
    UARTEx_SetNbDataToProcess                0x08004fad   Thumb Code    82  stm32g4xx_hal_uart_ex.o(i.UARTEx_SetNbDataToProcess)
    i.UART_AdvFeatureConfig                  0x08005010   Section        0  stm32g4xx_hal_uart.o(i.UART_AdvFeatureConfig)
    i.UART_CheckIdleState                    0x080050d8   Section        0  stm32g4xx_hal_uart.o(i.UART_CheckIdleState)
    i.UART_DMAAbortOnError                   0x08005136   Section        0  stm32g4xx_hal_uart.o(i.UART_DMAAbortOnError)
    UART_DMAAbortOnError                     0x08005137   Thumb Code    20  stm32g4xx_hal_uart.o(i.UART_DMAAbortOnError)
    i.UART_DMAError                          0x0800514a   Section        0  stm32g4xx_hal_uart.o(i.UART_DMAError)
    UART_DMAError                            0x0800514b   Thumb Code    80  stm32g4xx_hal_uart.o(i.UART_DMAError)
    i.UART_DMAReceiveCplt                    0x0800519a   Section        0  stm32g4xx_hal_uart.o(i.UART_DMAReceiveCplt)
    UART_DMAReceiveCplt                      0x0800519b   Thumb Code    62  stm32g4xx_hal_uart.o(i.UART_DMAReceiveCplt)
    i.UART_DMARxHalfCplt                     0x080051d8   Section        0  stm32g4xx_hal_uart.o(i.UART_DMARxHalfCplt)
    UART_DMARxHalfCplt                       0x080051d9   Thumb Code    10  stm32g4xx_hal_uart.o(i.UART_DMARxHalfCplt)
    i.UART_DMATransmitCplt                   0x080051e2   Section        0  stm32g4xx_hal_uart.o(i.UART_DMATransmitCplt)
    UART_DMATransmitCplt                     0x080051e3   Thumb Code    48  stm32g4xx_hal_uart.o(i.UART_DMATransmitCplt)
    i.UART_DMATxHalfCplt                     0x08005212   Section        0  stm32g4xx_hal_uart.o(i.UART_DMATxHalfCplt)
    UART_DMATxHalfCplt                       0x08005213   Thumb Code    10  stm32g4xx_hal_uart.o(i.UART_DMATxHalfCplt)
    i.UART_EndRxTransfer                     0x0800521c   Section        0  stm32g4xx_hal_uart.o(i.UART_EndRxTransfer)
    UART_EndRxTransfer                       0x0800521d   Thumb Code    32  stm32g4xx_hal_uart.o(i.UART_EndRxTransfer)
    i.UART_EndTxTransfer                     0x08005240   Section        0  stm32g4xx_hal_uart.o(i.UART_EndTxTransfer)
    UART_EndTxTransfer                       0x08005241   Thumb Code    28  stm32g4xx_hal_uart.o(i.UART_EndTxTransfer)
    i.UART_SetConfig                         0x0800525c   Section        0  stm32g4xx_hal_uart.o(i.UART_SetConfig)
    i.UART_WaitOnFlagUntilTimeout            0x08005a02   Section        0  stm32g4xx_hal_uart.o(i.UART_WaitOnFlagUntilTimeout)
    i.USART1_IRQHandler                      0x08005a68   Section        0  stm32g4xx_it.o(i.USART1_IRQHandler)
    i.UsageFault_Handler                     0x08005a94   Section        0  stm32g4xx_it.o(i.UsageFault_Handler)
    i.__0sprintf                             0x08005a98   Section        0  printfa.o(i.__0sprintf)
    i.__NVIC_SetPriority                     0x08005ac0   Section        0  stm32g4xx_hal_cortex.o(i.__NVIC_SetPriority)
    __NVIC_SetPriority                       0x08005ac1   Thumb Code    32  stm32g4xx_hal_cortex.o(i.__NVIC_SetPriority)
    i.__scatterload_copy                     0x08005ae0   Section       14  handlers.o(i.__scatterload_copy)
    i.__scatterload_null                     0x08005aee   Section        2  handlers.o(i.__scatterload_null)
    i.__scatterload_zeroinit                 0x08005af0   Section       14  handlers.o(i.__scatterload_zeroinit)
    i._fp_digits                             0x08005b00   Section        0  printfa.o(i._fp_digits)
    _fp_digits                               0x08005b01   Thumb Code   366  printfa.o(i._fp_digits)
    i._printf_core                           0x08005c84   Section        0  printfa.o(i._printf_core)
    _printf_core                             0x08005c85   Thumb Code  1744  printfa.o(i._printf_core)
    i._printf_post_padding                   0x08006360   Section        0  printfa.o(i._printf_post_padding)
    _printf_post_padding                     0x08006361   Thumb Code    36  printfa.o(i._printf_post_padding)
    i._printf_pre_padding                    0x08006384   Section        0  printfa.o(i._printf_pre_padding)
    _printf_pre_padding                      0x08006385   Thumb Code    46  printfa.o(i._printf_pre_padding)
    i._sputc                                 0x080063b2   Section        0  printfa.o(i._sputc)
    _sputc                                   0x080063b3   Thumb Code    10  printfa.o(i._sputc)
    i.delay1                                 0x080063bc   Section        0  i2c_hal.o(i.delay1)
    delay1                                   0x080063bd   Thumb Code    12  i2c_hal.o(i.delay1)
    i.getADC_R37                             0x080063c8   Section        0  main.o(i.getADC_R37)
    i.main                                   0x080063f0   Section        0  main.o(i.main)
    i.x24C02_Read                            0x08006640   Section        0  i2c_hal.o(i.x24C02_Read)
    i.x24C02_Write                           0x0800667c   Section        0  i2c_hal.o(i.x24C02_Write)
    .constdata                               0x080066ac   Section     4560  lcd_hal.o(.constdata)
    .constdata                               0x0800787c   Section       16  system_stm32g4xx.o(.constdata)
    .constdata                               0x0800788c   Section        8  system_stm32g4xx.o(.constdata)
    .data                                    0x20000000   Section        6  lcd_hal.o(.data)
    TextColor                                0x20000000   Data           2  lcd_hal.o(.data)
    BackColor                                0x20000002   Data           2  lcd_hal.o(.data)
    .data                                    0x20000008   Section       36  main.o(.data)
    .data                                    0x2000002c   Section        4  adc.o(.data)
    HAL_RCC_ADC12_CLK_ENABLED                0x2000002c   Data           4  adc.o(.data)
    .data                                    0x20000030   Section        4  stm32g4xx_it.o(.data)
    .data                                    0x20000034   Section       12  stm32g4xx_hal.o(.data)
    .data                                    0x20000040   Section        4  system_stm32g4xx.o(.data)
    .bss                                     0x20000044   Section       40  main.o(.bss)
    .bss                                     0x2000006c   Section      216  adc.o(.bss)
    .bss                                     0x20000144   Section       40  rtc.o(.bss)
    .bss                                     0x2000016c   Section      228  tim.o(.bss)
    .bss                                     0x20000250   Section      332  usart.o(.bss)
    STACK                                    0x200003a0   Section     1024  startup_stm32g431xx.o(STACK)

    Global Symbols

    Symbol Name                              Value     Ov Type        Size  Object(Section)

    BuildAttributes$$THM_ISAv4$E$P$D$K$B$S$7EM$VFPi3$EXTD16$VFPS$VFMA$PE$A:L22UL41UL21$X:L11$S22US41US21$IEEE1$IW$USESV6$~STKCKD$USESV7$~SHL$OSPACE$ROPI$EBA8$MICROLIB$REQ8$PRES8$EABIv2 0x00000000   Number         0  anon$$obj.o ABSOLUTE
    __ARM_use_no_argv                        0x00000000   Number         0  main.o ABSOLUTE
    _printf_a                                0x00000000   Number         0  stubs.o ABSOLUTE
    _printf_c                                0x00000000   Number         0  stubs.o ABSOLUTE
    _printf_charcount                        0x00000000   Number         0  stubs.o ABSOLUTE
    _printf_d                                0x00000000   Number         0  stubs.o ABSOLUTE
    _printf_e                                0x00000000   Number         0  stubs.o ABSOLUTE
    _printf_f                                0x00000000   Number         0  stubs.o ABSOLUTE
    _printf_flags                            0x00000000   Number         0  stubs.o ABSOLUTE
    _printf_fp_dec                           0x00000000   Number         0  stubs.o ABSOLUTE
    _printf_fp_hex                           0x00000000   Number         0  stubs.o ABSOLUTE
    _printf_g                                0x00000000   Number         0  stubs.o ABSOLUTE
    _printf_i                                0x00000000   Number         0  stubs.o ABSOLUTE
    _printf_int_dec                          0x00000000   Number         0  stubs.o ABSOLUTE
    _printf_l                                0x00000000   Number         0  stubs.o ABSOLUTE
    _printf_lc                               0x00000000   Number         0  stubs.o ABSOLUTE
    _printf_ll                               0x00000000   Number         0  stubs.o ABSOLUTE
    _printf_lld                              0x00000000   Number         0  stubs.o ABSOLUTE
    _printf_lli                              0x00000000   Number         0  stubs.o ABSOLUTE
    _printf_llo                              0x00000000   Number         0  stubs.o ABSOLUTE
    _printf_llu                              0x00000000   Number         0  stubs.o ABSOLUTE
    _printf_llx                              0x00000000   Number         0  stubs.o ABSOLUTE
    _printf_longlong_dec                     0x00000000   Number         0  stubs.o ABSOLUTE
    _printf_longlong_hex                     0x00000000   Number         0  stubs.o ABSOLUTE
    _printf_longlong_oct                     0x00000000   Number         0  stubs.o ABSOLUTE
    _printf_ls                               0x00000000   Number         0  stubs.o ABSOLUTE
    _printf_mbtowc                           0x00000000   Number         0  stubs.o ABSOLUTE
    _printf_n                                0x00000000   Number         0  stubs.o ABSOLUTE
    _printf_o                                0x00000000   Number         0  stubs.o ABSOLUTE
    _printf_p                                0x00000000   Number         0  stubs.o ABSOLUTE
    _printf_percent                          0x00000000   Number         0  stubs.o ABSOLUTE
    _printf_pre_padding                      0x00000000   Number         0  stubs.o ABSOLUTE
    _printf_return_value                     0x00000000   Number         0  stubs.o ABSOLUTE
    _printf_s                                0x00000000   Number         0  stubs.o ABSOLUTE
    _printf_sizespec                         0x00000000   Number         0  stubs.o ABSOLUTE
    _printf_str                              0x00000000   Number         0  stubs.o ABSOLUTE
    _printf_truncate_signed                  0x00000000   Number         0  stubs.o ABSOLUTE
    _printf_truncate_unsigned                0x00000000   Number         0  stubs.o ABSOLUTE
    _printf_u                                0x00000000   Number         0  stubs.o ABSOLUTE
    _printf_wc                               0x00000000   Number         0  stubs.o ABSOLUTE
    _printf_wctomb                           0x00000000   Number         0  stubs.o ABSOLUTE
    _printf_widthprec                        0x00000000   Number         0  stubs.o ABSOLUTE
    _printf_x                                0x00000000   Number         0  stubs.o ABSOLUTE
    __cpp_initialize__aeabi_                  - Undefined Weak Reference
    __cxa_finalize                            - Undefined Weak Reference
    __decompress                              - Undefined Weak Reference
    _clock_init                               - Undefined Weak Reference
    _microlib_exit                            - Undefined Weak Reference
    __Vectors_Size                           0x000001d8   Number         0  startup_stm32g431xx.o ABSOLUTE
    __Vectors                                0x08000000   Data           4  startup_stm32g431xx.o(RESET)
    __Vectors_End                            0x080001d8   Data           0  startup_stm32g431xx.o(RESET)
    __main                                   0x080001d9   Thumb Code     0  entry.o(.ARM.Collect$$$$00000000)
    _main_stk                                0x080001d9   Thumb Code     0  entry2.o(.ARM.Collect$$$$00000001)
    _main_scatterload                        0x080001dd   Thumb Code     0  entry5.o(.ARM.Collect$$$$00000004)
    __main_after_scatterload                 0x080001e1   Thumb Code     0  entry5.o(.ARM.Collect$$$$00000004)
    _main_clock                              0x080001e1   Thumb Code     0  entry7b.o(.ARM.Collect$$$$00000008)
    _main_cpp_init                           0x080001e1   Thumb Code     0  entry8b.o(.ARM.Collect$$$$0000000A)
    _main_init                               0x080001e1   Thumb Code     0  entry9a.o(.ARM.Collect$$$$0000000B)
    __rt_final_cpp                           0x080001e9   Thumb Code     0  entry10a.o(.ARM.Collect$$$$0000000D)
    __rt_final_exit                          0x080001e9   Thumb Code     0  entry11a.o(.ARM.Collect$$$$0000000F)
    Reset_Handler                            0x080001ed   Thumb Code     8  startup_stm32g431xx.o(.text)
    ADC1_2_IRQHandler                        0x08000207   Thumb Code     0  startup_stm32g431xx.o(.text)
    COMP1_2_3_IRQHandler                     0x08000207   Thumb Code     0  startup_stm32g431xx.o(.text)
    COMP4_IRQHandler                         0x08000207   Thumb Code     0  startup_stm32g431xx.o(.text)
    CORDIC_IRQHandler                        0x08000207   Thumb Code     0  startup_stm32g431xx.o(.text)
    CRS_IRQHandler                           0x08000207   Thumb Code     0  startup_stm32g431xx.o(.text)
    DMA1_Channel3_IRQHandler                 0x08000207   Thumb Code     0  startup_stm32g431xx.o(.text)
    DMA1_Channel4_IRQHandler                 0x08000207   Thumb Code     0  startup_stm32g431xx.o(.text)
    DMA1_Channel5_IRQHandler                 0x08000207   Thumb Code     0  startup_stm32g431xx.o(.text)
    DMA1_Channel6_IRQHandler                 0x08000207   Thumb Code     0  startup_stm32g431xx.o(.text)
    DMA2_Channel1_IRQHandler                 0x08000207   Thumb Code     0  startup_stm32g431xx.o(.text)
    DMA2_Channel2_IRQHandler                 0x08000207   Thumb Code     0  startup_stm32g431xx.o(.text)
    DMA2_Channel3_IRQHandler                 0x08000207   Thumb Code     0  startup_stm32g431xx.o(.text)
    DMA2_Channel4_IRQHandler                 0x08000207   Thumb Code     0  startup_stm32g431xx.o(.text)
    DMA2_Channel5_IRQHandler                 0x08000207   Thumb Code     0  startup_stm32g431xx.o(.text)
    DMA2_Channel6_IRQHandler                 0x08000207   Thumb Code     0  startup_stm32g431xx.o(.text)
    DMAMUX_OVR_IRQHandler                    0x08000207   Thumb Code     0  startup_stm32g431xx.o(.text)
    EXTI0_IRQHandler                         0x08000207   Thumb Code     0  startup_stm32g431xx.o(.text)
    EXTI15_10_IRQHandler                     0x08000207   Thumb Code     0  startup_stm32g431xx.o(.text)
    EXTI1_IRQHandler                         0x08000207   Thumb Code     0  startup_stm32g431xx.o(.text)
    EXTI2_IRQHandler                         0x08000207   Thumb Code     0  startup_stm32g431xx.o(.text)
    EXTI3_IRQHandler                         0x08000207   Thumb Code     0  startup_stm32g431xx.o(.text)
    EXTI4_IRQHandler                         0x08000207   Thumb Code     0  startup_stm32g431xx.o(.text)
    EXTI9_5_IRQHandler                       0x08000207   Thumb Code     0  startup_stm32g431xx.o(.text)
    FDCAN1_IT0_IRQHandler                    0x08000207   Thumb Code     0  startup_stm32g431xx.o(.text)
    FDCAN1_IT1_IRQHandler                    0x08000207   Thumb Code     0  startup_stm32g431xx.o(.text)
    FLASH_IRQHandler                         0x08000207   Thumb Code     0  startup_stm32g431xx.o(.text)
    FMAC_IRQHandler                          0x08000207   Thumb Code     0  startup_stm32g431xx.o(.text)
    FPU_IRQHandler                           0x08000207   Thumb Code     0  startup_stm32g431xx.o(.text)
    I2C1_ER_IRQHandler                       0x08000207   Thumb Code     0  startup_stm32g431xx.o(.text)
    I2C1_EV_IRQHandler                       0x08000207   Thumb Code     0  startup_stm32g431xx.o(.text)
    I2C2_ER_IRQHandler                       0x08000207   Thumb Code     0  startup_stm32g431xx.o(.text)
    I2C2_EV_IRQHandler                       0x08000207   Thumb Code     0  startup_stm32g431xx.o(.text)
    I2C3_ER_IRQHandler                       0x08000207   Thumb Code     0  startup_stm32g431xx.o(.text)
    I2C3_EV_IRQHandler                       0x08000207   Thumb Code     0  startup_stm32g431xx.o(.text)
    LPTIM1_IRQHandler                        0x08000207   Thumb Code     0  startup_stm32g431xx.o(.text)
    LPUART1_IRQHandler                       0x08000207   Thumb Code     0  startup_stm32g431xx.o(.text)
    PVD_PVM_IRQHandler                       0x08000207   Thumb Code     0  startup_stm32g431xx.o(.text)
    RNG_IRQHandler                           0x08000207   Thumb Code     0  startup_stm32g431xx.o(.text)
    RTC_Alarm_IRQHandler                     0x08000207   Thumb Code     0  startup_stm32g431xx.o(.text)
    RTC_TAMP_LSECSS_IRQHandler               0x08000207   Thumb Code     0  startup_stm32g431xx.o(.text)
    RTC_WKUP_IRQHandler                      0x08000207   Thumb Code     0  startup_stm32g431xx.o(.text)
    SAI1_IRQHandler                          0x08000207   Thumb Code     0  startup_stm32g431xx.o(.text)
    SPI1_IRQHandler                          0x08000207   Thumb Code     0  startup_stm32g431xx.o(.text)
    SPI2_IRQHandler                          0x08000207   Thumb Code     0  startup_stm32g431xx.o(.text)
    SPI3_IRQHandler                          0x08000207   Thumb Code     0  startup_stm32g431xx.o(.text)
    TIM1_BRK_TIM15_IRQHandler                0x08000207   Thumb Code     0  startup_stm32g431xx.o(.text)
    TIM1_CC_IRQHandler                       0x08000207   Thumb Code     0  startup_stm32g431xx.o(.text)
    TIM1_TRG_COM_TIM17_IRQHandler            0x08000207   Thumb Code     0  startup_stm32g431xx.o(.text)
    TIM1_UP_TIM16_IRQHandler                 0x08000207   Thumb Code     0  startup_stm32g431xx.o(.text)
    TIM3_IRQHandler                          0x08000207   Thumb Code     0  startup_stm32g431xx.o(.text)
    TIM4_IRQHandler                          0x08000207   Thumb Code     0  startup_stm32g431xx.o(.text)
    TIM7_DAC_IRQHandler                      0x08000207   Thumb Code     0  startup_stm32g431xx.o(.text)
    TIM8_BRK_IRQHandler                      0x08000207   Thumb Code     0  startup_stm32g431xx.o(.text)
    TIM8_CC_IRQHandler                       0x08000207   Thumb Code     0  startup_stm32g431xx.o(.text)
    TIM8_TRG_COM_IRQHandler                  0x08000207   Thumb Code     0  startup_stm32g431xx.o(.text)
    TIM8_UP_IRQHandler                       0x08000207   Thumb Code     0  startup_stm32g431xx.o(.text)
    UART4_IRQHandler                         0x08000207   Thumb Code     0  startup_stm32g431xx.o(.text)
    UCPD1_IRQHandler                         0x08000207   Thumb Code     0  startup_stm32g431xx.o(.text)
    USART2_IRQHandler                        0x08000207   Thumb Code     0  startup_stm32g431xx.o(.text)
    USART3_IRQHandler                        0x08000207   Thumb Code     0  startup_stm32g431xx.o(.text)
    USBWakeUp_IRQHandler                     0x08000207   Thumb Code     0  startup_stm32g431xx.o(.text)
    USB_HP_IRQHandler                        0x08000207   Thumb Code     0  startup_stm32g431xx.o(.text)
    USB_LP_IRQHandler                        0x08000207   Thumb Code     0  startup_stm32g431xx.o(.text)
    WWDG_IRQHandler                          0x08000207   Thumb Code     0  startup_stm32g431xx.o(.text)
    __aeabi_uldivmod                         0x08000211   Thumb Code    98  uldiv.o(.text)
    __aeabi_memset                           0x08000273   Thumb Code    14  memseta.o(.text)
    __aeabi_memset4                          0x08000273   Thumb Code     0  memseta.o(.text)
    __aeabi_memset8                          0x08000273   Thumb Code     0  memseta.o(.text)
    __aeabi_memclr                           0x08000281   Thumb Code     4  memseta.o(.text)
    __aeabi_memclr4                          0x08000281   Thumb Code     0  memseta.o(.text)
    __aeabi_memclr8                          0x08000281   Thumb Code     0  memseta.o(.text)
    _memset$wrapper                          0x08000285   Thumb Code    18  memseta.o(.text)
    __aeabi_f2d                              0x08000297   Thumb Code    38  f2d.o(.text)
    __aeabi_uidiv                            0x080002bd   Thumb Code     0  uidiv.o(.text)
    __aeabi_uidivmod                         0x080002bd   Thumb Code    44  uidiv.o(.text)
    __aeabi_llsl                             0x080002e9   Thumb Code    30  llshl.o(.text)
    _ll_shift_l                              0x080002e9   Thumb Code     0  llshl.o(.text)
    __aeabi_llsr                             0x08000307   Thumb Code    32  llushr.o(.text)
    _ll_ushift_r                             0x08000307   Thumb Code     0  llushr.o(.text)
    __I$use$fp                               0x08000327   Thumb Code     0  iusefp.o(.text)
    __aeabi_dadd                             0x08000327   Thumb Code   322  dadd.o(.text)
    __aeabi_dsub                             0x08000469   Thumb Code     6  dadd.o(.text)
    __aeabi_drsub                            0x0800046f   Thumb Code     6  dadd.o(.text)
    __aeabi_dmul                             0x08000475   Thumb Code   228  dmul.o(.text)
    __aeabi_ddiv                             0x08000559   Thumb Code   222  ddiv.o(.text)
    __aeabi_d2ulz                            0x08000637   Thumb Code    48  dfixul.o(.text)
    __aeabi_cdrcmple                         0x08000669   Thumb Code    48  cdrcmple.o(.text)
    __scatterload                            0x08000699   Thumb Code    28  init.o(.text)
    __scatterload_rt2                        0x08000699   Thumb Code     0  init.o(.text)
    __aeabi_lasr                             0x080006bd   Thumb Code    36  llsshr.o(.text)
    _ll_sshift_r                             0x080006bd   Thumb Code     0  llsshr.o(.text)
    _double_round                            0x080006e1   Thumb Code    30  depilogue.o(.text)
    _double_epilogue                         0x080006ff   Thumb Code   156  depilogue.o(.text)
    ADC_ConversionStop                       0x0800079d   Thumb Code   212  stm32g4xx_hal_adc.o(i.ADC_ConversionStop)
    ADC_Disable                              0x08000879   Thumb Code    98  stm32g4xx_hal_adc.o(i.ADC_Disable)
    ADC_Enable                               0x080008e1   Thumb Code   100  stm32g4xx_hal_adc.o(i.ADC_Enable)
    BusFault_Handler                         0x08000949   Thumb Code     2  stm32g4xx_it.o(i.BusFault_Handler)
    DMA1_Channel1_IRQHandler                 0x0800094d   Thumb Code     6  stm32g4xx_it.o(i.DMA1_Channel1_IRQHandler)
    DMA1_Channel2_IRQHandler                 0x08000959   Thumb Code     6  stm32g4xx_it.o(i.DMA1_Channel2_IRQHandler)
    DebugMon_Handler                         0x08000a07   Thumb Code     2  stm32g4xx_it.o(i.DebugMon_Handler)
    Delay_LCD                                0x08000a09   Thumb Code    28  lcd_hal.o(i.Delay_LCD)
    Error_Handler                            0x08000a25   Thumb Code     2  main.o(i.Error_Handler)
    HAL_ADCEx_MultiModeConfigChannel         0x08000a29   Thumb Code   204  stm32g4xx_hal_adc_ex.o(i.HAL_ADCEx_MultiModeConfigChannel)
    HAL_ADC_ConfigChannel                    0x08000afd   Thumb Code  1004  stm32g4xx_hal_adc.o(i.HAL_ADC_ConfigChannel)
    HAL_ADC_GetValue                         0x08000f1d   Thumb Code     6  stm32g4xx_hal_adc.o(i.HAL_ADC_GetValue)
    HAL_ADC_Init                             0x08000f25   Thumb Code   472  stm32g4xx_hal_adc.o(i.HAL_ADC_Init)
    HAL_ADC_MspInit                          0x0800111d   Thumb Code   146  adc.o(i.HAL_ADC_MspInit)
    HAL_ADC_PollForConversion                0x080011c1   Thumb Code   236  stm32g4xx_hal_adc.o(i.HAL_ADC_PollForConversion)
    HAL_ADC_Start                            0x080012b5   Thumb Code   230  stm32g4xx_hal_adc.o(i.HAL_ADC_Start)
    HAL_ADC_Stop                             0x080013a9   Thumb Code    62  stm32g4xx_hal_adc.o(i.HAL_ADC_Stop)
    HAL_DMA_Abort                            0x080013e7   Thumb Code   106  stm32g4xx_hal_dma.o(i.HAL_DMA_Abort)
    HAL_DMA_Abort_IT                         0x08001451   Thumb Code   120  stm32g4xx_hal_dma.o(i.HAL_DMA_Abort_IT)
    HAL_DMA_GetError                         0x080014c9   Thumb Code     4  stm32g4xx_hal_dma.o(i.HAL_DMA_GetError)
    HAL_DMA_IRQHandler                       0x080014cd   Thumb Code   186  stm32g4xx_hal_dma.o(i.HAL_DMA_IRQHandler)
    HAL_DMA_Init                             0x08001589   Thumb Code   178  stm32g4xx_hal_dma.o(i.HAL_DMA_Init)
    HAL_DMA_Start_IT                         0x08001649   Thumb Code   140  stm32g4xx_hal_dma.o(i.HAL_DMA_Start_IT)
    HAL_Delay                                0x080016d5   Thumb Code    32  stm32g4xx_hal.o(i.HAL_Delay)
    HAL_GPIO_Init                            0x080016f9   Thumb Code   422  stm32g4xx_hal_gpio.o(i.HAL_GPIO_Init)
    HAL_GPIO_ReadPin                         0x080018c1   Thumb Code    10  stm32g4xx_hal_gpio.o(i.HAL_GPIO_ReadPin)
    HAL_GPIO_TogglePin                       0x080018cb   Thumb Code    14  stm32g4xx_hal_gpio.o(i.HAL_GPIO_TogglePin)
    HAL_GPIO_WritePin                        0x080018d9   Thumb Code    10  stm32g4xx_hal_gpio.o(i.HAL_GPIO_WritePin)
    HAL_GetTick                              0x080018e5   Thumb Code     6  stm32g4xx_hal.o(i.HAL_GetTick)
    HAL_IncTick                              0x080018f1   Thumb Code    12  stm32g4xx_hal.o(i.HAL_IncTick)
    HAL_Init                                 0x08001901   Thumb Code    30  stm32g4xx_hal.o(i.HAL_Init)
    HAL_InitTick                             0x08001921   Thumb Code    58  stm32g4xx_hal.o(i.HAL_InitTick)
    HAL_MspInit                              0x08001965   Thumb Code    64  stm32g4xx_hal_msp.o(i.HAL_MspInit)
    HAL_NVIC_EnableIRQ                       0x080019ad   Thumb Code    26  stm32g4xx_hal_cortex.o(i.HAL_NVIC_EnableIRQ)
    HAL_NVIC_SetPriority                     0x080019c9   Thumb Code    60  stm32g4xx_hal_cortex.o(i.HAL_NVIC_SetPriority)
    HAL_NVIC_SetPriorityGrouping             0x08001a09   Thumb Code    26  stm32g4xx_hal_cortex.o(i.HAL_NVIC_SetPriorityGrouping)
    HAL_PWREx_ControlVoltageScaling          0x08001a2d   Thumb Code   174  stm32g4xx_hal_pwr_ex.o(i.HAL_PWREx_ControlVoltageScaling)
    HAL_RCCEx_PeriphCLKConfig                0x08001ae9   Thumb Code   638  stm32g4xx_hal_rcc_ex.o(i.HAL_RCCEx_PeriphCLKConfig)
    HAL_RCC_ClockConfig                      0x08001d71   Thumb Code   444  stm32g4xx_hal_rcc.o(i.HAL_RCC_ClockConfig)
    HAL_RCC_GetPCLK1Freq                     0x08001f4d   Thumb Code    24  stm32g4xx_hal_rcc.o(i.HAL_RCC_GetPCLK1Freq)
    HAL_RCC_GetPCLK2Freq                     0x08001f71   Thumb Code    24  stm32g4xx_hal_rcc.o(i.HAL_RCC_GetPCLK2Freq)
    HAL_RCC_GetSysClockFreq                  0x08001f95   Thumb Code    98  stm32g4xx_hal_rcc.o(i.HAL_RCC_GetSysClockFreq)
    HAL_RCC_OscConfig                        0x08002005   Thumb Code  1036  stm32g4xx_hal_rcc.o(i.HAL_RCC_OscConfig)
    HAL_RTC_GetDate                          0x08002411   Thumb Code    62  stm32g4xx_hal_rtc.o(i.HAL_RTC_GetDate)
    HAL_RTC_GetTime                          0x08002459   Thumb Code    82  stm32g4xx_hal_rtc.o(i.HAL_RTC_GetTime)
    HAL_RTC_Init                             0x080024b5   Thumb Code   138  stm32g4xx_hal_rtc.o(i.HAL_RTC_Init)
    HAL_RTC_MspInit                          0x08002549   Thumb Code    22  rtc.o(i.HAL_RTC_MspInit)
    HAL_RTC_SetDate                          0x08002569   Thumb Code   158  stm32g4xx_hal_rtc.o(i.HAL_RTC_SetDate)
    HAL_RTC_SetTime                          0x08002611   Thumb Code   200  stm32g4xx_hal_rtc.o(i.HAL_RTC_SetTime)
    HAL_RTC_WaitForSynchro                   0x080026e1   Thumb Code    48  stm32g4xx_hal_rtc.o(i.HAL_RTC_WaitForSynchro)
    HAL_SYSTICK_Config                       0x08002715   Thumb Code    40  stm32g4xx_hal_cortex.o(i.HAL_SYSTICK_Config)
    HAL_TIMEx_Break2Callback                 0x0800273d   Thumb Code     2  stm32g4xx_hal_tim_ex.o(i.HAL_TIMEx_Break2Callback)
    HAL_TIMEx_BreakCallback                  0x0800273f   Thumb Code     2  stm32g4xx_hal_tim_ex.o(i.HAL_TIMEx_BreakCallback)
    HAL_TIMEx_CommutCallback                 0x08002741   Thumb Code     2  stm32g4xx_hal_tim_ex.o(i.HAL_TIMEx_CommutCallback)
    HAL_TIMEx_DirectionChangeCallback        0x08002743   Thumb Code     2  stm32g4xx_hal_tim_ex.o(i.HAL_TIMEx_DirectionChangeCallback)
    HAL_TIMEx_EncoderIndexCallback           0x08002745   Thumb Code     2  stm32g4xx_hal_tim_ex.o(i.HAL_TIMEx_EncoderIndexCallback)
    HAL_TIMEx_IndexErrorCallback             0x08002747   Thumb Code     2  stm32g4xx_hal_tim_ex.o(i.HAL_TIMEx_IndexErrorCallback)
    HAL_TIMEx_MasterConfigSynchronization    0x08002749   Thumb Code   132  stm32g4xx_hal_tim_ex.o(i.HAL_TIMEx_MasterConfigSynchronization)
    HAL_TIMEx_TransitionErrorCallback        0x080027e5   Thumb Code     2  stm32g4xx_hal_tim_ex.o(i.HAL_TIMEx_TransitionErrorCallback)
    HAL_TIM_Base_Init                        0x080027e7   Thumb Code    98  stm32g4xx_hal_tim.o(i.HAL_TIM_Base_Init)
    HAL_TIM_Base_MspInit                     0x08002849   Thumb Code   166  tim.o(i.HAL_TIM_Base_MspInit)
    HAL_TIM_Base_Start_IT                    0x080028fd   Thumb Code    58  stm32g4xx_hal_tim.o(i.HAL_TIM_Base_Start_IT)
    HAL_TIM_ConfigClockSource                0x0800293d   Thumb Code   244  stm32g4xx_hal_tim.o(i.HAL_TIM_ConfigClockSource)
    HAL_TIM_IC_CaptureCallback               0x08002a39   Thumb Code    72  main.o(i.HAL_TIM_IC_CaptureCallback)
    HAL_TIM_IC_ConfigChannel                 0x08002a8d   Thumb Code   270  stm32g4xx_hal_tim.o(i.HAL_TIM_IC_ConfigChannel)
    HAL_TIM_IC_Init                          0x08002b9b   Thumb Code    98  stm32g4xx_hal_tim.o(i.HAL_TIM_IC_Init)
    HAL_TIM_IC_MspInit                       0x08002bfd   Thumb Code     2  stm32g4xx_hal_tim.o(i.HAL_TIM_IC_MspInit)
    HAL_TIM_IC_Start_IT                      0x08002c01   Thumb Code   236  stm32g4xx_hal_tim.o(i.HAL_TIM_IC_Start_IT)
    HAL_TIM_IRQHandler                       0x08002cf1   Thumb Code   508  stm32g4xx_hal_tim.o(i.HAL_TIM_IRQHandler)
    HAL_TIM_MspPostInit                      0x08002eed   Thumb Code    70  tim.o(i.HAL_TIM_MspPostInit)
    HAL_TIM_OC_DelayElapsedCallback          0x08002f3d   Thumb Code     2  stm32g4xx_hal_tim.o(i.HAL_TIM_OC_DelayElapsedCallback)
    HAL_TIM_PWM_ConfigChannel                0x08002f3f   Thumb Code   286  stm32g4xx_hal_tim.o(i.HAL_TIM_PWM_ConfigChannel)
    HAL_TIM_PWM_Init                         0x0800305d   Thumb Code    98  stm32g4xx_hal_tim.o(i.HAL_TIM_PWM_Init)
    HAL_TIM_PWM_MspInit                      0x080030bf   Thumb Code     2  stm32g4xx_hal_tim.o(i.HAL_TIM_PWM_MspInit)
    HAL_TIM_PWM_PulseFinishedCallback        0x080030c1   Thumb Code     2  stm32g4xx_hal_tim.o(i.HAL_TIM_PWM_PulseFinishedCallback)
    HAL_TIM_PWM_Start_IT                     0x080030c5   Thumb Code   228  stm32g4xx_hal_tim.o(i.HAL_TIM_PWM_Start_IT)
    HAL_TIM_PeriodElapsedCallback            0x080031c1   Thumb Code    60  main.o(i.HAL_TIM_PeriodElapsedCallback)
    HAL_TIM_ReadCapturedValue                0x08003209   Thumb Code    42  stm32g4xx_hal_tim.o(i.HAL_TIM_ReadCapturedValue)
    HAL_TIM_SlaveConfigSynchro               0x08003233   Thumb Code    86  stm32g4xx_hal_tim.o(i.HAL_TIM_SlaveConfigSynchro)
    HAL_TIM_TriggerCallback                  0x08003289   Thumb Code     2  stm32g4xx_hal_tim.o(i.HAL_TIM_TriggerCallback)
    HAL_UARTEx_DisableFifoMode               0x0800328b   Thumb Code    62  stm32g4xx_hal_uart_ex.o(i.HAL_UARTEx_DisableFifoMode)
    HAL_UARTEx_RxFifoFullCallback            0x080032c9   Thumb Code     2  stm32g4xx_hal_uart_ex.o(i.HAL_UARTEx_RxFifoFullCallback)
    HAL_UARTEx_SetRxFifoThreshold            0x080032cb   Thumb Code    76  stm32g4xx_hal_uart_ex.o(i.HAL_UARTEx_SetRxFifoThreshold)
    HAL_UARTEx_SetTxFifoThreshold            0x08003317   Thumb Code    76  stm32g4xx_hal_uart_ex.o(i.HAL_UARTEx_SetTxFifoThreshold)
    HAL_UARTEx_TxFifoEmptyCallback           0x08003363   Thumb Code     2  stm32g4xx_hal_uart_ex.o(i.HAL_UARTEx_TxFifoEmptyCallback)
    HAL_UARTEx_WakeupCallback                0x08003365   Thumb Code     2  stm32g4xx_hal_uart_ex.o(i.HAL_UARTEx_WakeupCallback)
    HAL_UART_DMAStop                         0x08003367   Thumb Code   120  stm32g4xx_hal_uart.o(i.HAL_UART_DMAStop)
    HAL_UART_ErrorCallback                   0x080033df   Thumb Code     2  stm32g4xx_hal_uart.o(i.HAL_UART_ErrorCallback)
    HAL_UART_IRQHandler                      0x080033e1   Thumb Code   404  stm32g4xx_hal_uart.o(i.HAL_UART_IRQHandler)
    HAL_UART_IdleCpltCallback                0x0800357d   Thumb Code    52  main.o(i.HAL_UART_IdleCpltCallback)
    HAL_UART_Init                            0x080035c1   Thumb Code   106  stm32g4xx_hal_uart.o(i.HAL_UART_Init)
    HAL_UART_MspInit                         0x0800362d   Thumb Code   196  usart.o(i.HAL_UART_MspInit)
    HAL_UART_Receive_DMA                     0x08003701   Thumb Code   150  stm32g4xx_hal_uart.o(i.HAL_UART_Receive_DMA)
    HAL_UART_RxCpltCallback                  0x080037a5   Thumb Code     2  stm32g4xx_hal_uart.o(i.HAL_UART_RxCpltCallback)
    HAL_UART_RxHalfCpltCallback              0x080037a7   Thumb Code     2  stm32g4xx_hal_uart.o(i.HAL_UART_RxHalfCpltCallback)
    HAL_UART_Transmit_DMA                    0x080037a9   Thumb Code   140  stm32g4xx_hal_uart.o(i.HAL_UART_Transmit_DMA)
    HAL_UART_TxCpltCallback                  0x08003841   Thumb Code     2  stm32g4xx_hal_uart.o(i.HAL_UART_TxCpltCallback)
    HAL_UART_TxHalfCpltCallback              0x08003843   Thumb Code     2  stm32g4xx_hal_uart.o(i.HAL_UART_TxHalfCpltCallback)
    HardFault_Handler                        0x08003845   Thumb Code     2  stm32g4xx_it.o(i.HardFault_Handler)
    I2CReceiveByte                           0x08003847   Thumb Code    78  i2c_hal.o(i.I2CReceiveByte)
    I2CSendByte                              0x08003895   Thumb Code    78  i2c_hal.o(i.I2CSendByte)
    I2CStart                                 0x080038e3   Thumb Code    54  i2c_hal.o(i.I2CStart)
    I2CStop                                  0x08003919   Thumb Code    54  i2c_hal.o(i.I2CStop)
    I2CWaitAck                               0x0800394f   Thumb Code    80  i2c_hal.o(i.I2CWaitAck)
    Key_Scan                                 0x080039a1   Thumb Code   190  main.o(i.Key_Scan)
    LCD_BusIn                                0x08003a69   Thumb Code    40  lcd_hal.o(i.LCD_BusIn)
    LCD_BusOut                               0x08003a95   Thumb Code    42  lcd_hal.o(i.LCD_BusOut)
    LCD_Clear                                0x08003ac5   Thumb Code    36  lcd_hal.o(i.LCD_Clear)
    LCD_CtrlLinesConfig                      0x08003ae9   Thumb Code   136  lcd_hal.o(i.LCD_CtrlLinesConfig)
    LCD_DisplayChar                          0x08003b79   Thumb Code    18  lcd_hal.o(i.LCD_DisplayChar)
    LCD_DisplayStringLine                    0x08003b91   Thumb Code    42  lcd_hal.o(i.LCD_DisplayStringLine)
    LCD_DrawChar                             0x08003bbd   Thumb Code    84  lcd_hal.o(i.LCD_DrawChar)
    LCD_Init                                 0x08003c15   Thumb Code    46  lcd_hal.o(i.LCD_Init)
    LCD_ReadReg                              0x08003c49   Thumb Code   120  lcd_hal.o(i.LCD_ReadReg)
    LCD_SetBackColor                         0x08003cc9   Thumb Code    12  lcd_hal.o(i.LCD_SetBackColor)
    LCD_SetCursor                            0x08003cd9   Thumb Code    24  lcd_hal.o(i.LCD_SetCursor)
    LCD_SetTextColor                         0x08003cf1   Thumb Code    12  lcd_hal.o(i.LCD_SetTextColor)
    LCD_WriteRAM                             0x08003d01   Thumb Code    80  lcd_hal.o(i.LCD_WriteRAM)
    LCD_WriteRAM_Prepare                     0x08003d59   Thumb Code    82  lcd_hal.o(i.LCD_WriteRAM_Prepare)
    LCD_WriteReg                             0x08003db5   Thumb Code   100  lcd_hal.o(i.LCD_WriteReg)
    LED_Close                                0x08003e21   Thumb Code    40  main.o(i.LED_Close)
    MX_ADC1_Init                             0x08003eb5   Thumb Code   134  adc.o(i.MX_ADC1_Init)
    MX_ADC2_Init                             0x08003f45   Thumb Code   110  adc.o(i.MX_ADC2_Init)
    MX_DMA_Init                              0x08003fc1   Thumb Code    72  dma.o(i.MX_DMA_Init)
    MX_GPIO_Init                             0x0800400d   Thumb Code   242  gpio.o(i.MX_GPIO_Init)
    MX_RTC_Init                              0x08004111   Thumb Code   130  rtc.o(i.MX_RTC_Init)
    MX_TIM2_Init                             0x0800419d   Thumb Code   204  tim.o(i.MX_TIM2_Init)
    MX_TIM3_Init                             0x0800426d   Thumb Code   170  tim.o(i.MX_TIM3_Init)
    MX_TIM6_Init                             0x08004321   Thumb Code    64  tim.o(i.MX_TIM6_Init)
    MX_USART1_UART_Init                      0x08004369   Thumb Code    94  usart.o(i.MX_USART1_UART_Init)
    MemManage_Handler                        0x080043d1   Thumb Code     2  stm32g4xx_it.o(i.MemManage_Handler)
    NMI_Handler                              0x080043d3   Thumb Code     2  stm32g4xx_it.o(i.NMI_Handler)
    PendSV_Handler                           0x080043d5   Thumb Code     2  stm32g4xx_it.o(i.PendSV_Handler)
    RCC_IRQHandler                           0x080043d7   Thumb Code     2  stm32g4xx_it.o(i.RCC_IRQHandler)
    REG_8230_Init                            0x080043d9   Thumb Code   274  lcd_hal.o(i.REG_8230_Init)
    REG_932X_Init                            0x080044eb   Thumb Code   514  lcd_hal.o(i.REG_932X_Init)
    RTC_Bcd2ToByte                           0x080046ed   Thumb Code    18  stm32g4xx_hal_rtc.o(i.RTC_Bcd2ToByte)
    RTC_ByteToBcd2                           0x080046ff   Thumb Code    24  stm32g4xx_hal_rtc.o(i.RTC_ByteToBcd2)
    RTC_EnterInitMode                        0x08004719   Thumb Code    72  stm32g4xx_hal_rtc.o(i.RTC_EnterInitMode)
    RTC_ExitInitMode                         0x08004765   Thumb Code    84  stm32g4xx_hal_rtc.o(i.RTC_ExitInitMode)
    RTC_SetDate                              0x080047bd   Thumb Code    30  main.o(i.RTC_SetDate)
    RTC_SetTime                              0x080047e1   Thumb Code    44  main.o(i.RTC_SetTime)
    RTC_Show                                 0x08004811   Thumb Code    96  main.o(i.RTC_Show)
    SCL_Output                               0x0800488d   Thumb Code    20  i2c_hal.o(i.SCL_Output)
    SDA_Input                                0x080048a5   Thumb Code    18  i2c_hal.o(i.SDA_Input)
    SDA_Input_Mode                           0x080048bd   Thumb Code    40  i2c_hal.o(i.SDA_Input_Mode)
    SDA_Output                               0x080048e9   Thumb Code    20  i2c_hal.o(i.SDA_Output)
    SDA_Output_Mode                          0x08004901   Thumb Code    40  i2c_hal.o(i.SDA_Output_Mode)
    SVC_Handler                              0x0800492d   Thumb Code     2  stm32g4xx_it.o(i.SVC_Handler)
    SysTick_Handler                          0x08004931   Thumb Code    32  stm32g4xx_it.o(i.SysTick_Handler)
    SystemClock_Config                       0x08004955   Thumb Code   120  main.o(i.SystemClock_Config)
    SystemInit                               0x080049d1   Thumb Code    22  system_stm32g4xx.o(i.SystemInit)
    TIM2_IRQHandler                          0x080049ed   Thumb Code     6  stm32g4xx_it.o(i.TIM2_IRQHandler)
    TIM6_DAC_IRQHandler                      0x080049f9   Thumb Code     6  stm32g4xx_it.o(i.TIM6_DAC_IRQHandler)
    TIM_Base_SetConfig                       0x08004a05   Thumb Code   146  stm32g4xx_hal_tim.o(i.TIM_Base_SetConfig)
    TIM_CCxChannelCmd                        0x08004ab5   Thumb Code    26  stm32g4xx_hal_tim.o(i.TIM_CCxChannelCmd)
    TIM_ETR_SetConfig                        0x08004acf   Thumb Code    20  stm32g4xx_hal_tim.o(i.TIM_ETR_SetConfig)
    TIM_OC2_SetConfig                        0x08004b95   Thumb Code   120  stm32g4xx_hal_tim.o(i.TIM_OC2_SetConfig)
    TIM_TI1_SetConfig                        0x08004ee5   Thumb Code    88  stm32g4xx_hal_tim.o(i.TIM_TI1_SetConfig)
    UART_AdvFeatureConfig                    0x08005011   Thumb Code   200  stm32g4xx_hal_uart.o(i.UART_AdvFeatureConfig)
    UART_CheckIdleState                      0x080050d9   Thumb Code    94  stm32g4xx_hal_uart.o(i.UART_CheckIdleState)
    UART_SetConfig                           0x0800525d   Thumb Code  1958  stm32g4xx_hal_uart.o(i.UART_SetConfig)
    UART_WaitOnFlagUntilTimeout              0x08005a03   Thumb Code   100  stm32g4xx_hal_uart.o(i.UART_WaitOnFlagUntilTimeout)
    USART1_IRQHandler                        0x08005a69   Thumb Code    40  stm32g4xx_it.o(i.USART1_IRQHandler)
    UsageFault_Handler                       0x08005a95   Thumb Code     2  stm32g4xx_it.o(i.UsageFault_Handler)
    __0sprintf                               0x08005a99   Thumb Code    34  printfa.o(i.__0sprintf)
    __1sprintf                               0x08005a99   Thumb Code     0  printfa.o(i.__0sprintf)
    __2sprintf                               0x08005a99   Thumb Code     0  printfa.o(i.__0sprintf)
    __c89sprintf                             0x08005a99   Thumb Code     0  printfa.o(i.__0sprintf)
    sprintf                                  0x08005a99   Thumb Code     0  printfa.o(i.__0sprintf)
    __scatterload_copy                       0x08005ae1   Thumb Code    14  handlers.o(i.__scatterload_copy)
    __scatterload_null                       0x08005aef   Thumb Code     2  handlers.o(i.__scatterload_null)
    __scatterload_zeroinit                   0x08005af1   Thumb Code    14  handlers.o(i.__scatterload_zeroinit)
    getADC_R37                               0x080063c9   Thumb Code    34  main.o(i.getADC_R37)
    main                                     0x080063f1   Thumb Code   460  main.o(i.main)
    x24C02_Read                              0x08006641   Thumb Code    60  i2c_hal.o(i.x24C02_Read)
    x24C02_Write                             0x0800667d   Thumb Code    48  i2c_hal.o(i.x24C02_Write)
    ASCII_Table                              0x080066ac   Data        4560  lcd_hal.o(.constdata)
    AHBPrescTable                            0x0800787c   Data          16  system_stm32g4xx.o(.constdata)
    APBPrescTable                            0x0800788c   Data           8  system_stm32g4xx.o(.constdata)
    Region$$Table$$Base                      0x08007894   Number         0  anon$$obj.o(Region$$Table)
    Region$$Table$$Limit                     0x080078b4   Number         0  anon$$obj.o(Region$$Table)
    dummy                                    0x20000004   Data           2  lcd_hal.o(.data)
    KeyState                                 0x20000008   Data           1  main.o(.data)
    KeyNum                                   0x20000009   Data           1  main.o(.data)
    Num                                      0x2000000a   Data           1  main.o(.data)
    Freq_Value_R40                           0x2000000b   Data           1  main.o(.data)
    Duty_Value_R40                           0x2000000c   Data           1  main.o(.data)
    Freq_R40                                 0x2000000d   Data           1  main.o(.data)
    Duty_R40                                 0x2000000e   Data           1  main.o(.data)
    RecCount                                 0x2000000f   Data           1  main.o(.data)
    TIM_Time                                 0x20000010   Data           2  main.o(.data)
    Key_Press_Time                           0x20000014   Data           4  main.o(.data)
    ShowTime                                 0x20000018   Data          10  main.o(.data)
    ShowDate                                 0x20000022   Data          10  main.o(.data)
    Key_Start_Time                           0x20000030   Data           4  stm32g4xx_it.o(.data)
    uwTickPrio                               0x20000034   Data           4  stm32g4xx_hal.o(.data)
    uwTickFreq                               0x20000038   Data           4  stm32g4xx_hal.o(.data)
    uwTick                                   0x2000003c   Data           4  stm32g4xx_hal.o(.data)
    SystemCoreClock                          0x20000040   Data           4  system_stm32g4xx.o(.data)
    Str                                      0x20000044   Data          20  main.o(.bss)
    RX                                       0x20000058   Data          20  main.o(.bss)
    hadc1                                    0x2000006c   Data         108  adc.o(.bss)
    hadc2                                    0x200000d8   Data         108  adc.o(.bss)
    hrtc                                     0x20000144   Data          40  rtc.o(.bss)
    htim2                                    0x2000016c   Data          76  tim.o(.bss)
    htim3                                    0x200001b8   Data          76  tim.o(.bss)
    htim6                                    0x20000204   Data          76  tim.o(.bss)
    huart1                                   0x20000250   Data         140  usart.o(.bss)
    hdma_usart1_rx                           0x200002dc   Data          96  usart.o(.bss)
    hdma_usart1_tx                           0x2000033c   Data          96  usart.o(.bss)
    __initial_sp                             0x200007a0   Data           0  startup_stm32g431xx.o(STACK)



==============================================================================

Memory Map of the image

  Image Entry point : 0x080001d9

  Load Region LR_IROM1 (Base: 0x08000000, Size: 0x000078f8, Max: 0x00020000, ABSOLUTE)

    Execution Region ER_IROM1 (Exec base: 0x08000000, Load base: 0x08000000, Size: 0x000078b4, Max: 0x00020000, ABSOLUTE)

    Exec Addr    Load Addr    Size         Type   Attr      Idx    E Section Name        Object

    0x08000000   0x08000000   0x000001d8   Data   RO            3    RESET               startup_stm32g431xx.o
    0x080001d8   0x080001d8   0x00000000   Code   RO         4963  * .ARM.Collect$$$$00000000  mc_w.l(entry.o)
    0x080001d8   0x080001d8   0x00000004   Code   RO         5233    .ARM.Collect$$$$00000001  mc_w.l(entry2.o)
    0x080001dc   0x080001dc   0x00000004   Code   RO         5236    .ARM.Collect$$$$00000004  mc_w.l(entry5.o)
    0x080001e0   0x080001e0   0x00000000   Code   RO         5238    .ARM.Collect$$$$00000008  mc_w.l(entry7b.o)
    0x080001e0   0x080001e0   0x00000000   Code   RO         5240    .ARM.Collect$$$$0000000A  mc_w.l(entry8b.o)
    0x080001e0   0x080001e0   0x00000008   Code   RO         5241    .ARM.Collect$$$$0000000B  mc_w.l(entry9a.o)
    0x080001e8   0x080001e8   0x00000000   Code   RO         5243    .ARM.Collect$$$$0000000D  mc_w.l(entry10a.o)
    0x080001e8   0x080001e8   0x00000000   Code   RO         5245    .ARM.Collect$$$$0000000F  mc_w.l(entry11a.o)
    0x080001e8   0x080001e8   0x00000004   Code   RO         5234    .ARM.Collect$$$$00002712  mc_w.l(entry2.o)
    0x080001ec   0x080001ec   0x00000024   Code   RO            4    .text               startup_stm32g431xx.o
    0x08000210   0x08000210   0x00000062   Code   RO         4966    .text               mc_w.l(uldiv.o)
    0x08000272   0x08000272   0x00000024   Code   RO         4968    .text               mc_w.l(memseta.o)
    0x08000296   0x08000296   0x00000026   Code   RO         5231    .text               mf_w.l(f2d.o)
    0x080002bc   0x080002bc   0x0000002c   Code   RO         5250    .text               mc_w.l(uidiv.o)
    0x080002e8   0x080002e8   0x0000001e   Code   RO         5252    .text               mc_w.l(llshl.o)
    0x08000306   0x08000306   0x00000020   Code   RO         5254    .text               mc_w.l(llushr.o)
    0x08000326   0x08000326   0x00000000   Code   RO         5256    .text               mc_w.l(iusefp.o)
    0x08000326   0x08000326   0x0000014e   Code   RO         5257    .text               mf_w.l(dadd.o)
    0x08000474   0x08000474   0x000000e4   Code   RO         5259    .text               mf_w.l(dmul.o)
    0x08000558   0x08000558   0x000000de   Code   RO         5261    .text               mf_w.l(ddiv.o)
    0x08000636   0x08000636   0x00000030   Code   RO         5263    .text               mf_w.l(dfixul.o)
    0x08000666   0x08000666   0x00000002   PAD
    0x08000668   0x08000668   0x00000030   Code   RO         5265    .text               mf_w.l(cdrcmple.o)
    0x08000698   0x08000698   0x00000024   Code   RO         5267    .text               mc_w.l(init.o)
    0x080006bc   0x080006bc   0x00000024   Code   RO         5270    .text               mc_w.l(llsshr.o)
    0x080006e0   0x080006e0   0x000000ba   Code   RO         5273    .text               mf_w.l(depilogue.o)
    0x0800079a   0x0800079a   0x00000002   PAD
    0x0800079c   0x0800079c   0x000000dc   Code   RO         1028    i.ADC_ConversionStop  stm32g4xx_hal_adc.o
    0x08000878   0x08000878   0x00000068   Code   RO         1032    i.ADC_Disable       stm32g4xx_hal_adc.o
    0x080008e0   0x080008e0   0x00000068   Code   RO         1033    i.ADC_Enable        stm32g4xx_hal_adc.o
    0x08000948   0x08000948   0x00000002   Code   RO          820    i.BusFault_Handler  stm32g4xx_it.o
    0x0800094a   0x0800094a   0x00000002   PAD
    0x0800094c   0x0800094c   0x0000000c   Code   RO          821    i.DMA1_Channel1_IRQHandler  stm32g4xx_it.o
    0x08000958   0x08000958   0x0000000c   Code   RO          822    i.DMA1_Channel2_IRQHandler  stm32g4xx_it.o
    0x08000964   0x08000964   0x00000040   Code   RO         2242    i.DMA_CalcDMAMUXChannelBaseAndMask  stm32g4xx_hal_dma.o
    0x080009a4   0x080009a4   0x00000024   Code   RO         2243    i.DMA_CalcDMAMUXRequestGenBaseAndMask  stm32g4xx_hal_dma.o
    0x080009c8   0x080009c8   0x0000003e   Code   RO         2244    i.DMA_SetConfig     stm32g4xx_hal_dma.o
    0x08000a06   0x08000a06   0x00000002   Code   RO          823    i.DebugMon_Handler  stm32g4xx_it.o
    0x08000a08   0x08000a08   0x0000001c   Code   RO           13    i.Delay_LCD         lcd_hal.o
    0x08000a24   0x08000a24   0x00000002   Code   RO          459    i.Error_Handler     main.o
    0x08000a26   0x08000a26   0x00000002   PAD
    0x08000a28   0x08000a28   0x000000d4   Code   RO         1283    i.HAL_ADCEx_MultiModeConfigChannel  stm32g4xx_hal_adc_ex.o
    0x08000afc   0x08000afc   0x00000420   Code   RO         1035    i.HAL_ADC_ConfigChannel  stm32g4xx_hal_adc.o
    0x08000f1c   0x08000f1c   0x00000006   Code   RO         1042    i.HAL_ADC_GetValue  stm32g4xx_hal_adc.o
    0x08000f22   0x08000f22   0x00000002   PAD
    0x08000f24   0x08000f24   0x000001f8   Code   RO         1044    i.HAL_ADC_Init      stm32g4xx_hal_adc.o
    0x0800111c   0x0800111c   0x000000a4   Code   RO          604    i.HAL_ADC_MspInit   adc.o
    0x080011c0   0x080011c0   0x000000f4   Code   RO         1048    i.HAL_ADC_PollForConversion  stm32g4xx_hal_adc.o
    0x080012b4   0x080012b4   0x000000f4   Code   RO         1050    i.HAL_ADC_Start     stm32g4xx_hal_adc.o
    0x080013a8   0x080013a8   0x0000003e   Code   RO         1054    i.HAL_ADC_Stop      stm32g4xx_hal_adc.o
    0x080013e6   0x080013e6   0x0000006a   Code   RO         2245    i.HAL_DMA_Abort     stm32g4xx_hal_dma.o
    0x08001450   0x08001450   0x00000078   Code   RO         2246    i.HAL_DMA_Abort_IT  stm32g4xx_hal_dma.o
    0x080014c8   0x080014c8   0x00000004   Code   RO         2248    i.HAL_DMA_GetError  stm32g4xx_hal_dma.o
    0x080014cc   0x080014cc   0x000000ba   Code   RO         2250    i.HAL_DMA_IRQHandler  stm32g4xx_hal_dma.o
    0x08001586   0x08001586   0x00000002   PAD
    0x08001588   0x08001588   0x000000c0   Code   RO         2251    i.HAL_DMA_Init      stm32g4xx_hal_dma.o
    0x08001648   0x08001648   0x0000008c   Code   RO         2255    i.HAL_DMA_Start_IT  stm32g4xx_hal_dma.o
    0x080016d4   0x080016d4   0x00000024   Code   RO         1482    i.HAL_Delay         stm32g4xx_hal.o
    0x080016f8   0x080016f8   0x000001c8   Code   RO          965    i.HAL_GPIO_Init     stm32g4xx_hal_gpio.o
    0x080018c0   0x080018c0   0x0000000a   Code   RO          967    i.HAL_GPIO_ReadPin  stm32g4xx_hal_gpio.o
    0x080018ca   0x080018ca   0x0000000e   Code   RO          968    i.HAL_GPIO_TogglePin  stm32g4xx_hal_gpio.o
    0x080018d8   0x080018d8   0x0000000a   Code   RO          969    i.HAL_GPIO_WritePin  stm32g4xx_hal_gpio.o
    0x080018e2   0x080018e2   0x00000002   PAD
    0x080018e4   0x080018e4   0x0000000c   Code   RO         1486    i.HAL_GetTick       stm32g4xx_hal.o
    0x080018f0   0x080018f0   0x00000010   Code   RO         1489    i.HAL_IncTick       stm32g4xx_hal.o
    0x08001900   0x08001900   0x0000001e   Code   RO         1490    i.HAL_Init          stm32g4xx_hal.o
    0x0800191e   0x0800191e   0x00000002   PAD
    0x08001920   0x08001920   0x00000044   Code   RO         1491    i.HAL_InitTick      stm32g4xx_hal.o
    0x08001964   0x08001964   0x00000048   Code   RO          935    i.HAL_MspInit       stm32g4xx_hal_msp.o
    0x080019ac   0x080019ac   0x0000001a   Code   RO         2754    i.HAL_NVIC_EnableIRQ  stm32g4xx_hal_cortex.o
    0x080019c6   0x080019c6   0x00000002   PAD
    0x080019c8   0x080019c8   0x00000040   Code   RO         2760    i.HAL_NVIC_SetPriority  stm32g4xx_hal_cortex.o
    0x08001a08   0x08001a08   0x00000024   Code   RO         2761    i.HAL_NVIC_SetPriorityGrouping  stm32g4xx_hal_cortex.o
    0x08001a2c   0x08001a2c   0x000000bc   Code   RO         2510    i.HAL_PWREx_ControlVoltageScaling  stm32g4xx_hal_pwr_ex.o
    0x08001ae8   0x08001ae8   0x00000288   Code   RO         1835    i.HAL_RCCEx_PeriphCLKConfig  stm32g4xx_hal_rcc_ex.o
    0x08001d70   0x08001d70   0x000001dc   Code   RO         1710    i.HAL_RCC_ClockConfig  stm32g4xx_hal_rcc.o
    0x08001f4c   0x08001f4c   0x00000024   Code   RO         1718    i.HAL_RCC_GetPCLK1Freq  stm32g4xx_hal_rcc.o
    0x08001f70   0x08001f70   0x00000024   Code   RO         1719    i.HAL_RCC_GetPCLK2Freq  stm32g4xx_hal_rcc.o
    0x08001f94   0x08001f94   0x00000070   Code   RO         1720    i.HAL_RCC_GetSysClockFreq  stm32g4xx_hal_rcc.o
    0x08002004   0x08002004   0x0000040c   Code   RO         1723    i.HAL_RCC_OscConfig  stm32g4xx_hal_rcc.o
    0x08002410   0x08002410   0x00000048   Code   RO         2889    i.HAL_RTC_GetDate   stm32g4xx_hal_rtc.o
    0x08002458   0x08002458   0x0000005c   Code   RO         2891    i.HAL_RTC_GetTime   stm32g4xx_hal_rtc.o
    0x080024b4   0x080024b4   0x00000094   Code   RO         2892    i.HAL_RTC_Init      stm32g4xx_hal_rtc.o
    0x08002548   0x08002548   0x00000020   Code   RO          677    i.HAL_RTC_MspInit   rtc.o
    0x08002568   0x08002568   0x000000a8   Code   RO         2898    i.HAL_RTC_SetDate   stm32g4xx_hal_rtc.o
    0x08002610   0x08002610   0x000000d0   Code   RO         2899    i.HAL_RTC_SetTime   stm32g4xx_hal_rtc.o
    0x080026e0   0x080026e0   0x00000034   Code   RO         2900    i.HAL_RTC_WaitForSynchro  stm32g4xx_hal_rtc.o
    0x08002714   0x08002714   0x00000028   Code   RO         2765    i.HAL_SYSTICK_Config  stm32g4xx_hal_cortex.o
    0x0800273c   0x0800273c   0x00000002   Code   RO         4025    i.HAL_TIMEx_Break2Callback  stm32g4xx_hal_tim_ex.o
    0x0800273e   0x0800273e   0x00000002   Code   RO         4026    i.HAL_TIMEx_BreakCallback  stm32g4xx_hal_tim_ex.o
    0x08002740   0x08002740   0x00000002   Code   RO         4027    i.HAL_TIMEx_CommutCallback  stm32g4xx_hal_tim_ex.o
    0x08002742   0x08002742   0x00000002   Code   RO         4038    i.HAL_TIMEx_DirectionChangeCallback  stm32g4xx_hal_tim_ex.o
    0x08002744   0x08002744   0x00000002   Code   RO         4052    i.HAL_TIMEx_EncoderIndexCallback  stm32g4xx_hal_tim_ex.o
    0x08002746   0x08002746   0x00000002   Code   RO         4066    i.HAL_TIMEx_IndexErrorCallback  stm32g4xx_hal_tim_ex.o
    0x08002748   0x08002748   0x0000009c   Code   RO         4067    i.HAL_TIMEx_MasterConfigSynchronization  stm32g4xx_hal_tim_ex.o
    0x080027e4   0x080027e4   0x00000002   Code   RO         4088    i.HAL_TIMEx_TransitionErrorCallback  stm32g4xx_hal_tim_ex.o
    0x080027e6   0x080027e6   0x00000062   Code   RO         3311    i.HAL_TIM_Base_Init  stm32g4xx_hal_tim.o
    0x08002848   0x08002848   0x000000b4   Code   RO          719    i.HAL_TIM_Base_MspInit  tim.o
    0x080028fc   0x080028fc   0x00000040   Code   RO         3316    i.HAL_TIM_Base_Start_IT  stm32g4xx_hal_tim.o
    0x0800293c   0x0800293c   0x000000fc   Code   RO         3320    i.HAL_TIM_ConfigClockSource  stm32g4xx_hal_tim.o
    0x08002a38   0x08002a38   0x00000054   Code   RO          460    i.HAL_TIM_IC_CaptureCallback  main.o
    0x08002a8c   0x08002a8c   0x0000010e   Code   RO         3347    i.HAL_TIM_IC_ConfigChannel  stm32g4xx_hal_tim.o
    0x08002b9a   0x08002b9a   0x00000062   Code   RO         3350    i.HAL_TIM_IC_Init   stm32g4xx_hal_tim.o
    0x08002bfc   0x08002bfc   0x00000002   Code   RO         3352    i.HAL_TIM_IC_MspInit  stm32g4xx_hal_tim.o
    0x08002bfe   0x08002bfe   0x00000002   PAD
    0x08002c00   0x08002c00   0x000000f0   Code   RO         3355    i.HAL_TIM_IC_Start_IT  stm32g4xx_hal_tim.o
    0x08002cf0   0x08002cf0   0x000001fc   Code   RO         3359    i.HAL_TIM_IRQHandler  stm32g4xx_hal_tim.o
    0x08002eec   0x08002eec   0x00000050   Code   RO          720    i.HAL_TIM_MspPostInit  tim.o
    0x08002f3c   0x08002f3c   0x00000002   Code   RO         3362    i.HAL_TIM_OC_DelayElapsedCallback  stm32g4xx_hal_tim.o
    0x08002f3e   0x08002f3e   0x0000011e   Code   RO         3383    i.HAL_TIM_PWM_ConfigChannel  stm32g4xx_hal_tim.o
    0x0800305c   0x0800305c   0x00000062   Code   RO         3386    i.HAL_TIM_PWM_Init  stm32g4xx_hal_tim.o
    0x080030be   0x080030be   0x00000002   Code   RO         3388    i.HAL_TIM_PWM_MspInit  stm32g4xx_hal_tim.o
    0x080030c0   0x080030c0   0x00000002   Code   RO         3389    i.HAL_TIM_PWM_PulseFinishedCallback  stm32g4xx_hal_tim.o
    0x080030c2   0x080030c2   0x00000002   PAD
    0x080030c4   0x080030c4   0x000000fc   Code   RO         3393    i.HAL_TIM_PWM_Start_IT  stm32g4xx_hal_tim.o
    0x080031c0   0x080031c0   0x00000048   Code   RO          461    i.HAL_TIM_PeriodElapsedCallback  main.o
    0x08003208   0x08003208   0x0000002a   Code   RO         3399    i.HAL_TIM_ReadCapturedValue  stm32g4xx_hal_tim.o
    0x08003232   0x08003232   0x00000056   Code   RO         3400    i.HAL_TIM_SlaveConfigSynchro  stm32g4xx_hal_tim.o
    0x08003288   0x08003288   0x00000002   Code   RO         3402    i.HAL_TIM_TriggerCallback  stm32g4xx_hal_tim.o
    0x0800328a   0x0800328a   0x0000003e   Code   RO         4835    i.HAL_UARTEx_DisableFifoMode  stm32g4xx_hal_uart_ex.o
    0x080032c8   0x080032c8   0x00000002   Code   RO         4839    i.HAL_UARTEx_RxFifoFullCallback  stm32g4xx_hal_uart_ex.o
    0x080032ca   0x080032ca   0x0000004c   Code   RO         4840    i.HAL_UARTEx_SetRxFifoThreshold  stm32g4xx_hal_uart_ex.o
    0x08003316   0x08003316   0x0000004c   Code   RO         4841    i.HAL_UARTEx_SetTxFifoThreshold  stm32g4xx_hal_uart_ex.o
    0x08003362   0x08003362   0x00000002   Code   RO         4843    i.HAL_UARTEx_TxFifoEmptyCallback  stm32g4xx_hal_uart_ex.o
    0x08003364   0x08003364   0x00000002   Code   RO         4844    i.HAL_UARTEx_WakeupCallback  stm32g4xx_hal_uart_ex.o
    0x08003366   0x08003366   0x00000078   Code   RO         4477    i.HAL_UART_DMAStop  stm32g4xx_hal_uart.o
    0x080033de   0x080033de   0x00000002   Code   RO         4479    i.HAL_UART_ErrorCallback  stm32g4xx_hal_uart.o
    0x080033e0   0x080033e0   0x0000019c   Code   RO         4482    i.HAL_UART_IRQHandler  stm32g4xx_hal_uart.o
    0x0800357c   0x0800357c   0x00000044   Code   RO          462    i.HAL_UART_IdleCpltCallback  main.o
    0x080035c0   0x080035c0   0x0000006a   Code   RO         4483    i.HAL_UART_Init     stm32g4xx_hal_uart.o
    0x0800362a   0x0800362a   0x00000002   PAD
    0x0800362c   0x0800362c   0x000000d4   Code   RO          779    i.HAL_UART_MspInit  usart.o
    0x08003700   0x08003700   0x000000a4   Code   RO         4487    i.HAL_UART_Receive_DMA  stm32g4xx_hal_uart.o
    0x080037a4   0x080037a4   0x00000002   Code   RO         4489    i.HAL_UART_RxCpltCallback  stm32g4xx_hal_uart.o
    0x080037a6   0x080037a6   0x00000002   Code   RO         4490    i.HAL_UART_RxHalfCpltCallback  stm32g4xx_hal_uart.o
    0x080037a8   0x080037a8   0x00000098   Code   RO         4492    i.HAL_UART_Transmit_DMA  stm32g4xx_hal_uart.o
    0x08003840   0x08003840   0x00000002   Code   RO         4494    i.HAL_UART_TxCpltCallback  stm32g4xx_hal_uart.o
    0x08003842   0x08003842   0x00000002   Code   RO         4495    i.HAL_UART_TxHalfCpltCallback  stm32g4xx_hal_uart.o
    0x08003844   0x08003844   0x00000002   Code   RO          824    i.HardFault_Handler  stm32g4xx_it.o
    0x08003846   0x08003846   0x0000004e   Code   RO          342    i.I2CReceiveByte    i2c_hal.o
    0x08003894   0x08003894   0x0000004e   Code   RO          344    i.I2CSendByte       i2c_hal.o
    0x080038e2   0x080038e2   0x00000036   Code   RO          346    i.I2CStart          i2c_hal.o
    0x08003918   0x08003918   0x00000036   Code   RO          347    i.I2CStop           i2c_hal.o
    0x0800394e   0x0800394e   0x00000050   Code   RO          348    i.I2CWaitAck        i2c_hal.o
    0x0800399e   0x0800399e   0x00000002   PAD
    0x080039a0   0x080039a0   0x000000c8   Code   RO          463    i.Key_Scan          main.o
    0x08003a68   0x08003a68   0x0000002c   Code   RO           14    i.LCD_BusIn         lcd_hal.o
    0x08003a94   0x08003a94   0x00000030   Code   RO           15    i.LCD_BusOut        lcd_hal.o
    0x08003ac4   0x08003ac4   0x00000024   Code   RO           16    i.LCD_Clear         lcd_hal.o
    0x08003ae8   0x08003ae8   0x00000090   Code   RO           18    i.LCD_CtrlLinesConfig  lcd_hal.o
    0x08003b78   0x08003b78   0x00000018   Code   RO           19    i.LCD_DisplayChar   lcd_hal.o
    0x08003b90   0x08003b90   0x0000002a   Code   RO           22    i.LCD_DisplayStringLine  lcd_hal.o
    0x08003bba   0x08003bba   0x00000002   PAD
    0x08003bbc   0x08003bbc   0x00000058   Code   RO           23    i.LCD_DrawChar      lcd_hal.o
    0x08003c14   0x08003c14   0x00000034   Code   RO           29    i.LCD_Init          lcd_hal.o
    0x08003c48   0x08003c48   0x00000080   Code   RO           32    i.LCD_ReadReg       lcd_hal.o
    0x08003cc8   0x08003cc8   0x00000010   Code   RO           33    i.LCD_SetBackColor  lcd_hal.o
    0x08003cd8   0x08003cd8   0x00000018   Code   RO           34    i.LCD_SetCursor     lcd_hal.o
    0x08003cf0   0x08003cf0   0x00000010   Code   RO           36    i.LCD_SetTextColor  lcd_hal.o
    0x08003d00   0x08003d00   0x00000058   Code   RO           39    i.LCD_WriteRAM      lcd_hal.o
    0x08003d58   0x08003d58   0x0000005c   Code   RO           40    i.LCD_WriteRAM_Prepare  lcd_hal.o
    0x08003db4   0x08003db4   0x0000006c   Code   RO           41    i.LCD_WriteReg      lcd_hal.o
    0x08003e20   0x08003e20   0x00000030   Code   RO          464    i.LED_Close         main.o
    0x08003e50   0x08003e50   0x0000000c   Code   RO         1058    i.LL_ADC_GetOffsetChannel  stm32g4xx_hal_adc.o
    0x08003e5c   0x08003e5c   0x00000008   Code   RO         1059    i.LL_ADC_INJ_IsConversionOngoing  stm32g4xx_hal_adc.o
    0x08003e64   0x08003e64   0x00000008   Code   RO         1060    i.LL_ADC_REG_IsConversionOngoing  stm32g4xx_hal_adc.o
    0x08003e6c   0x08003e6c   0x00000008   Code   RO         1293    i.LL_ADC_REG_IsConversionOngoing  stm32g4xx_hal_adc_ex.o
    0x08003e74   0x08003e74   0x00000010   Code   RO         1061    i.LL_ADC_REG_IsTriggerSourceSWStart  stm32g4xx_hal_adc.o
    0x08003e84   0x08003e84   0x0000001e   Code   RO         1063    i.LL_ADC_SetChannelSamplingTime  stm32g4xx_hal_adc.o
    0x08003ea2   0x08003ea2   0x00000010   Code   RO         1064    i.LL_ADC_SetOffsetState  stm32g4xx_hal_adc.o
    0x08003eb2   0x08003eb2   0x00000002   PAD
    0x08003eb4   0x08003eb4   0x00000090   Code   RO          605    i.MX_ADC1_Init      adc.o
    0x08003f44   0x08003f44   0x0000007c   Code   RO          606    i.MX_ADC2_Init      adc.o
    0x08003fc0   0x08003fc0   0x0000004c   Code   RO          652    i.MX_DMA_Init       dma.o
    0x0800400c   0x0800400c   0x00000104   Code   RO          579    i.MX_GPIO_Init      gpio.o
    0x08004110   0x08004110   0x0000008c   Code   RO          678    i.MX_RTC_Init       rtc.o
    0x0800419c   0x0800419c   0x000000d0   Code   RO          721    i.MX_TIM2_Init      tim.o
    0x0800426c   0x0800426c   0x000000b4   Code   RO          722    i.MX_TIM3_Init      tim.o
    0x08004320   0x08004320   0x00000048   Code   RO          723    i.MX_TIM6_Init      tim.o
    0x08004368   0x08004368   0x00000068   Code   RO          780    i.MX_USART1_UART_Init  usart.o
    0x080043d0   0x080043d0   0x00000002   Code   RO          825    i.MemManage_Handler  stm32g4xx_it.o
    0x080043d2   0x080043d2   0x00000002   Code   RO          826    i.NMI_Handler       stm32g4xx_it.o
    0x080043d4   0x080043d4   0x00000002   Code   RO          827    i.PendSV_Handler    stm32g4xx_it.o
    0x080043d6   0x080043d6   0x00000002   Code   RO          828    i.RCC_IRQHandler    stm32g4xx_it.o
    0x080043d8   0x080043d8   0x00000112   Code   RO           42    i.REG_8230_Init     lcd_hal.o
    0x080044ea   0x080044ea   0x00000202   Code   RO           43    i.REG_932X_Init     lcd_hal.o
    0x080046ec   0x080046ec   0x00000012   Code   RO         2901    i.RTC_Bcd2ToByte    stm32g4xx_hal_rtc.o
    0x080046fe   0x080046fe   0x00000018   Code   RO         2902    i.RTC_ByteToBcd2    stm32g4xx_hal_rtc.o
    0x08004716   0x08004716   0x00000002   PAD
    0x08004718   0x08004718   0x0000004c   Code   RO         2903    i.RTC_EnterInitMode  stm32g4xx_hal_rtc.o
    0x08004764   0x08004764   0x00000058   Code   RO         2904    i.RTC_ExitInitMode  stm32g4xx_hal_rtc.o
    0x080047bc   0x080047bc   0x00000024   Code   RO          465    i.RTC_SetDate       main.o
    0x080047e0   0x080047e0   0x00000030   Code   RO          466    i.RTC_SetTime       main.o
    0x08004810   0x08004810   0x0000007c   Code   RO          467    i.RTC_Show          main.o
    0x0800488c   0x0800488c   0x00000018   Code   RO          350    i.SCL_Output        i2c_hal.o
    0x080048a4   0x080048a4   0x00000018   Code   RO          351    i.SDA_Input         i2c_hal.o
    0x080048bc   0x080048bc   0x0000002c   Code   RO          352    i.SDA_Input_Mode    i2c_hal.o
    0x080048e8   0x080048e8   0x00000018   Code   RO          353    i.SDA_Output        i2c_hal.o
    0x08004900   0x08004900   0x0000002c   Code   RO          354    i.SDA_Output_Mode   i2c_hal.o
    0x0800492c   0x0800492c   0x00000002   Code   RO          829    i.SVC_Handler       stm32g4xx_it.o
    0x0800492e   0x0800492e   0x00000002   PAD
    0x08004930   0x08004930   0x00000024   Code   RO          830    i.SysTick_Handler   stm32g4xx_it.o
    0x08004954   0x08004954   0x0000007c   Code   RO          468    i.SystemClock_Config  main.o
    0x080049d0   0x080049d0   0x0000001c   Code   RO         4929    i.SystemInit        system_stm32g4xx.o
    0x080049ec   0x080049ec   0x0000000c   Code   RO          831    i.TIM2_IRQHandler   stm32g4xx_it.o
    0x080049f8   0x080049f8   0x0000000c   Code   RO          832    i.TIM6_DAC_IRQHandler  stm32g4xx_it.o
    0x08004a04   0x08004a04   0x000000b0   Code   RO         3404    i.TIM_Base_SetConfig  stm32g4xx_hal_tim.o
    0x08004ab4   0x08004ab4   0x0000001a   Code   RO         3405    i.TIM_CCxChannelCmd  stm32g4xx_hal_tim.o
    0x08004ace   0x08004ace   0x00000014   Code   RO         3415    i.TIM_ETR_SetConfig  stm32g4xx_hal_tim.o
    0x08004ae2   0x08004ae2   0x00000002   PAD
    0x08004ae4   0x08004ae4   0x00000014   Code   RO         3416    i.TIM_ITRx_SetConfig  stm32g4xx_hal_tim.o
    0x08004af8   0x08004af8   0x0000009c   Code   RO         3417    i.TIM_OC1_SetConfig  stm32g4xx_hal_tim.o
    0x08004b94   0x08004b94   0x00000090   Code   RO         3418    i.TIM_OC2_SetConfig  stm32g4xx_hal_tim.o
    0x08004c24   0x08004c24   0x00000090   Code   RO         3419    i.TIM_OC3_SetConfig  stm32g4xx_hal_tim.o
    0x08004cb4   0x08004cb4   0x00000090   Code   RO         3420    i.TIM_OC4_SetConfig  stm32g4xx_hal_tim.o
    0x08004d44   0x08004d44   0x00000070   Code   RO         3421    i.TIM_OC5_SetConfig  stm32g4xx_hal_tim.o
    0x08004db4   0x08004db4   0x00000070   Code   RO         3422    i.TIM_OC6_SetConfig  stm32g4xx_hal_tim.o
    0x08004e24   0x08004e24   0x0000009c   Code   RO         3423    i.TIM_SlaveTimer_SetConfig  stm32g4xx_hal_tim.o
    0x08004ec0   0x08004ec0   0x00000022   Code   RO         3424    i.TIM_TI1_ConfigInputStage  stm32g4xx_hal_tim.o
    0x08004ee2   0x08004ee2   0x00000002   PAD
    0x08004ee4   0x08004ee4   0x0000006c   Code   RO         3425    i.TIM_TI1_SetConfig  stm32g4xx_hal_tim.o
    0x08004f50   0x08004f50   0x00000024   Code   RO         3426    i.TIM_TI2_ConfigInputStage  stm32g4xx_hal_tim.o
    0x08004f74   0x08004f74   0x00000036   Code   RO         3427    i.TIM_TI2_SetConfig  stm32g4xx_hal_tim.o
    0x08004faa   0x08004faa   0x00000002   PAD
    0x08004fac   0x08004fac   0x00000064   Code   RO         4845    i.UARTEx_SetNbDataToProcess  stm32g4xx_hal_uart_ex.o
    0x08005010   0x08005010   0x000000c8   Code   RO         4496    i.UART_AdvFeatureConfig  stm32g4xx_hal_uart.o
    0x080050d8   0x080050d8   0x0000005e   Code   RO         4497    i.UART_CheckIdleState  stm32g4xx_hal_uart.o
    0x08005136   0x08005136   0x00000014   Code   RO         4498    i.UART_DMAAbortOnError  stm32g4xx_hal_uart.o
    0x0800514a   0x0800514a   0x00000050   Code   RO         4499    i.UART_DMAError     stm32g4xx_hal_uart.o
    0x0800519a   0x0800519a   0x0000003e   Code   RO         4500    i.UART_DMAReceiveCplt  stm32g4xx_hal_uart.o
    0x080051d8   0x080051d8   0x0000000a   Code   RO         4502    i.UART_DMARxHalfCplt  stm32g4xx_hal_uart.o
    0x080051e2   0x080051e2   0x00000030   Code   RO         4504    i.UART_DMATransmitCplt  stm32g4xx_hal_uart.o
    0x08005212   0x08005212   0x0000000a   Code   RO         4506    i.UART_DMATxHalfCplt  stm32g4xx_hal_uart.o
    0x0800521c   0x0800521c   0x00000024   Code   RO         4508    i.UART_EndRxTransfer  stm32g4xx_hal_uart.o
    0x08005240   0x08005240   0x0000001c   Code   RO         4509    i.UART_EndTxTransfer  stm32g4xx_hal_uart.o
    0x0800525c   0x0800525c   0x000007a6   Code   RO         4514    i.UART_SetConfig    stm32g4xx_hal_uart.o
    0x08005a02   0x08005a02   0x00000064   Code   RO         4519    i.UART_WaitOnFlagUntilTimeout  stm32g4xx_hal_uart.o
    0x08005a66   0x08005a66   0x00000002   PAD
    0x08005a68   0x08005a68   0x0000002c   Code   RO          833    i.USART1_IRQHandler  stm32g4xx_it.o
    0x08005a94   0x08005a94   0x00000002   Code   RO          834    i.UsageFault_Handler  stm32g4xx_it.o
    0x08005a96   0x08005a96   0x00000002   PAD
    0x08005a98   0x08005a98   0x00000028   Code   RO         5205    i.__0sprintf        mc_w.l(printfa.o)
    0x08005ac0   0x08005ac0   0x00000020   Code   RO         2767    i.__NVIC_SetPriority  stm32g4xx_hal_cortex.o
    0x08005ae0   0x08005ae0   0x0000000e   Code   RO         5277    i.__scatterload_copy  mc_w.l(handlers.o)
    0x08005aee   0x08005aee   0x00000002   Code   RO         5278    i.__scatterload_null  mc_w.l(handlers.o)
    0x08005af0   0x08005af0   0x0000000e   Code   RO         5279    i.__scatterload_zeroinit  mc_w.l(handlers.o)
    0x08005afe   0x08005afe   0x00000002   PAD
    0x08005b00   0x08005b00   0x00000184   Code   RO         5210    i._fp_digits        mc_w.l(printfa.o)
    0x08005c84   0x08005c84   0x000006dc   Code   RO         5211    i._printf_core      mc_w.l(printfa.o)
    0x08006360   0x08006360   0x00000024   Code   RO         5212    i._printf_post_padding  mc_w.l(printfa.o)
    0x08006384   0x08006384   0x0000002e   Code   RO         5213    i._printf_pre_padding  mc_w.l(printfa.o)
    0x080063b2   0x080063b2   0x0000000a   Code   RO         5215    i._sputc            mc_w.l(printfa.o)
    0x080063bc   0x080063bc   0x0000000c   Code   RO          355    i.delay1            i2c_hal.o
    0x080063c8   0x080063c8   0x00000028   Code   RO          469    i.getADC_R37        main.o
    0x080063f0   0x080063f0   0x00000250   Code   RO          470    i.main              main.o
    0x08006640   0x08006640   0x0000003c   Code   RO          356    i.x24C02_Read       i2c_hal.o
    0x0800667c   0x0800667c   0x00000030   Code   RO          357    i.x24C02_Write      i2c_hal.o
    0x080066ac   0x080066ac   0x000011d0   Data   RO           44    .constdata          lcd_hal.o
    0x0800787c   0x0800787c   0x00000010   Data   RO         4930    .constdata          system_stm32g4xx.o
    0x0800788c   0x0800788c   0x00000008   Data   RO         4931    .constdata          system_stm32g4xx.o
    0x08007894   0x08007894   0x00000020   Data   RO         5275    Region$$Table       anon$$obj.o


    Execution Region RW_IRAM1 (Exec base: 0x20000000, Load base: 0x080078b4, Size: 0x000007a0, Max: 0x00008000, ABSOLUTE)

    Exec Addr    Load Addr    Size         Type   Attr      Idx    E Section Name        Object

    0x20000000   0x080078b4   0x00000006   Data   RW           45    .data               lcd_hal.o
    0x20000006   0x080078ba   0x00000002   PAD
    0x20000008   0x080078bc   0x00000024   Data   RW          472    .data               main.o
    0x2000002c   0x080078e0   0x00000004   Data   RW          608    .data               adc.o
    0x20000030   0x080078e4   0x00000004   Data   RW          835    .data               stm32g4xx_it.o
    0x20000034   0x080078e8   0x0000000c   Data   RW         1510    .data               stm32g4xx_hal.o
    0x20000040   0x080078f4   0x00000004   Data   RW         4932    .data               system_stm32g4xx.o
    0x20000044        -       0x00000028   Zero   RW          471    .bss                main.o
    0x2000006c        -       0x000000d8   Zero   RW          607    .bss                adc.o
    0x20000144        -       0x00000028   Zero   RW          679    .bss                rtc.o
    0x2000016c        -       0x000000e4   Zero   RW          724    .bss                tim.o
    0x20000250        -       0x0000014c   Zero   RW          781    .bss                usart.o
    0x2000039c   0x080078f8   0x00000004   PAD
    0x200003a0        -       0x00000400   Zero   RW            1    STACK               startup_stm32g431xx.o


==============================================================================

Image component sizes


      Code (inc. data)   RO Data    RW Data    ZI Data      Debug   Object Name

       432         42          0          4        216       2670   adc.o
        76          4          0          0          0        866   dma.o
       260         18          0          0          0       1083   gpio.o
       624         22          0          0          0       7895   i2c_hal.o
      1766         76       4560          6          0     701906   lcd_hal.o
      1438        238          0         36         40       9036   main.o
       172         20          0          0         40       1671   rtc.o
        36          8        472          0       1024        868   startup_stm32g431xx.o
       162         24          0         12          0       4557   stm32g4xx_hal.o
      2634        124          0          0          0      81601   stm32g4xx_hal_adc.o
       220          8          0          0          0      67799   stm32g4xx_hal_adc_ex.o
       198         14          0          0          0      34151   stm32g4xx_hal_cortex.o
       910         30          0          0          0       7489   stm32g4xx_hal_dma.o
       490         34          0          0          0       3904   stm32g4xx_hal_gpio.o
        72          8          0          0          0       8786   stm32g4xx_hal_msp.o
       188         14          0          0          0        874   stm32g4xx_hal_pwr_ex.o
      1696         92          0          0          0       6184   stm32g4xx_hal_rcc.o
       648         10          0          0          0       1944   stm32g4xx_hal_rcc_ex.o
       946         60          0          0          0       8563   stm32g4xx_hal_rtc.o
      3746        268          0          0          0      26717   stm32g4xx_hal_tim.o
       170         24          0          0          0       5700   stm32g4xx_hal_tim_ex.o
      3610         98          0          0          0      18682   stm32g4xx_hal_uart.o
       320         18          0          0          0       5618   stm32g4xx_hal_uart_ex.o
       146         32          0          4          0       7770   stm32g4xx_it.o
        28          6         24          4          0       1231   system_stm32g4xx.o
       720         46          0          0        228       4182   tim.o
       316         26          0          0        332       2024   usart.o

    ----------------------------------------------------------------------
     22064       1364       5088         68       1884    1023771   Object Totals
         0          0         32          0          0          0   (incl. Generated)
        40          0          0          2          4          0   (incl. Padding)

    ----------------------------------------------------------------------

      Code (inc. data)   RO Data    RW Data    ZI Data      Debug   Library Member Name

         0          0          0          0          0          0   entry.o
         0          0          0          0          0          0   entry10a.o
         0          0          0          0          0          0   entry11a.o
         8          4          0          0          0          0   entry2.o
         4          0          0          0          0          0   entry5.o
         0          0          0          0          0          0   entry7b.o
         0          0          0          0          0          0   entry8b.o
         8          4          0          0          0          0   entry9a.o
        30          0          0          0          0          0   handlers.o
        36          8          0          0          0         68   init.o
         0          0          0          0          0          0   iusefp.o
        30          0          0          0          0         68   llshl.o
        36          0          0          0          0         68   llsshr.o
        32          0          0          0          0         68   llushr.o
        36          0          0          0          0        108   memseta.o
      2276         86          0          0          0        520   printfa.o
        44          0          0          0          0         80   uidiv.o
        98          0          0          0          0         92   uldiv.o
        48          0          0          0          0         68   cdrcmple.o
       334          0          0          0          0        148   dadd.o
       222          0          0          0          0        100   ddiv.o
       186          0          0          0          0        176   depilogue.o
        48          0          0          0          0         68   dfixul.o
       228          0          0          0          0         96   dmul.o
        38          0          0          0          0         68   f2d.o

    ----------------------------------------------------------------------
      3748        102          0          0          0       1796   Library Totals
         6          0          0          0          0          0   (incl. Padding)

    ----------------------------------------------------------------------

      Code (inc. data)   RO Data    RW Data    ZI Data      Debug   Library Name

      2638        102          0          0          0       1072   mc_w.l
      1104          0          0          0          0        724   mf_w.l

    ----------------------------------------------------------------------
      3748        102          0          0          0       1796   Library Totals

    ----------------------------------------------------------------------

==============================================================================


      Code (inc. data)   RO Data    RW Data    ZI Data      Debug   

     25812       1466       5088         68       1884    1005687   Grand Totals
     25812       1466       5088         68       1884    1005687   ELF Image Totals
     25812       1466       5088         68          0          0   ROM Totals

==============================================================================

    Total RO  Size (Code + RO Data)                30900 (  30.18kB)
    Total RW  Size (RW Data + ZI Data)              1952 (   1.91kB)
    Total ROM Size (Code + RO Data + RW Data)      30968 (  30.24kB)

==============================================================================

